Component: ARM Compiler 5.05 update 1 (build 106) Tool: armlink [4d0efa]

==============================================================================

Section Cross References

    startup_stm32g030xx.o(STACK) refers (Special) to heapauxi.o(.text) for __use_two_region_memory
    startup_stm32g030xx.o(HEAP) refers (Special) to heapauxi.o(.text) for __use_two_region_memory
    startup_stm32g030xx.o(RESET) refers (Special) to heapauxi.o(.text) for __use_two_region_memory
    startup_stm32g030xx.o(RESET) refers to startup_stm32g030xx.o(STACK) for __initial_sp
    startup_stm32g030xx.o(RESET) refers to startup_stm32g030xx.o(.text) for Reset_Handler
    startup_stm32g030xx.o(RESET) refers to stm32g0xx_it.o(i.NMI_Handler) for NMI_Handler
    startup_stm32g030xx.o(RESET) refers to stm32g0xx_it.o(i.HardFault_Handler) for HardFault_Handler
    startup_stm32g030xx.o(RESET) refers to stm32g0xx_it.o(i.SVC_Handler) for SVC_Handler
    startup_stm32g030xx.o(RESET) refers to stm32g0xx_it.o(i.PendSV_Handler) for PendSV_Handler
    startup_stm32g030xx.o(RESET) refers to stm32g0xx_it.o(i.SysTick_Handler) for SysTick_Handler
    startup_stm32g030xx.o(RESET) refers to stm32g0xx_it.o(i.EXTI4_15_IRQHandler) for EXTI4_15_IRQHandler
    startup_stm32g030xx.o(RESET) refers to stm32g0xx_it.o(i.TIM14_IRQHandler) for TIM14_IRQHandler
    startup_stm32g030xx.o(.text) refers (Special) to heapauxi.o(.text) for __use_two_region_memory
    startup_stm32g030xx.o(.text) refers to system_stm32g0xx.o(i.SystemInit) for SystemInit
    startup_stm32g030xx.o(.text) refers to __main.o(!!!main) for __main
    startup_stm32g030xx.o(.text) refers to startup_stm32g030xx.o(HEAP) for Heap_Mem
    startup_stm32g030xx.o(.text) refers to startup_stm32g030xx.o(STACK) for Stack_Mem
    main.o(i.SystemClock_Config) refers to rt_memclr.o(.text) for __aeabi_memclr4
    main.o(i.SystemClock_Config) refers to stm32g0xx_hal_pwr_ex.o(i.HAL_PWREx_ControlVoltageScaling) for HAL_PWREx_ControlVoltageScaling
    main.o(i.SystemClock_Config) refers to stm32g0xx_hal_rcc.o(i.HAL_RCC_OscConfig) for HAL_RCC_OscConfig
    main.o(i.SystemClock_Config) refers to stm32g0xx_hal_rcc.o(i.HAL_RCC_ClockConfig) for HAL_RCC_ClockConfig
    main.o(i.main) refers to stm32g0xx_hal.o(i.HAL_Init) for HAL_Init
    main.o(i.main) refers to main.o(i.SystemClock_Config) for SystemClock_Config
    main.o(i.main) refers to gpio.o(i.MX_GPIO_Init) for MX_GPIO_Init
    main.o(i.main) refers to i2c.o(i.MX_I2C1_Init) for MX_I2C1_Init
    main.o(i.main) refers to adc.o(i.MX_ADC1_Init) for MX_ADC1_Init
    main.o(i.main) refers to tim.o(i.MX_TIM14_Init) for MX_TIM14_Init
    main.o(i.main) refers to stm32g0xx_hal_tim.o(i.HAL_TIM_Base_Start_IT) for HAL_TIM_Base_Start_IT
    main.o(i.main) refers to app.o(i.UnitTest) for UnitTest
    main.o(i.main) refers to tim.o(.bss) for htim14
    gpio.o(i.HAL_GPIO_EXTI_Falling_Callback) refers to gpio.o(.emb_text) for SysCtlDelay
    gpio.o(i.HAL_GPIO_EXTI_Falling_Callback) refers to stm32g0xx_hal_gpio.o(i.HAL_GPIO_ReadPin) for HAL_GPIO_ReadPin
    gpio.o(i.HAL_GPIO_EXTI_Falling_Callback) refers to stm32g0xx_hal.o(i.HAL_ResumeTick) for HAL_ResumeTick
    gpio.o(i.HAL_GPIO_EXTI_Falling_Callback) refers to stm32g0xx_hal_tim.o(i.HAL_TIM_Base_Start_IT) for HAL_TIM_Base_Start_IT
    gpio.o(i.HAL_GPIO_EXTI_Falling_Callback) refers to app.o(.bss) for exist
    gpio.o(i.HAL_GPIO_EXTI_Falling_Callback) refers to tim.o(.bss) for htim14
    gpio.o(i.MX_GPIO_Init) refers to rt_memclr.o(.text) for __aeabi_memclr4
    gpio.o(i.MX_GPIO_Init) refers to stm32g0xx_hal_gpio.o(i.HAL_GPIO_WritePin) for HAL_GPIO_WritePin
    gpio.o(i.MX_GPIO_Init) refers to stm32g0xx_hal_gpio.o(i.HAL_GPIO_Init) for HAL_GPIO_Init
    gpio.o(i.MX_GPIO_Init) refers to stm32g0xx_hal_cortex.o(i.HAL_NVIC_SetPriority) for HAL_NVIC_SetPriority
    gpio.o(i.MX_GPIO_Init) refers to stm32g0xx_hal_cortex.o(i.HAL_NVIC_EnableIRQ) for HAL_NVIC_EnableIRQ
    gpio.o(i.SN74HC595SendData) refers to stm32g0xx_hal_gpio.o(i.HAL_GPIO_WritePin) for HAL_GPIO_WritePin
    gpio.o(i.ShowDigit) refers to gpio.o(i.SN74HC595SendData) for SN74HC595SendData
    gpio.o(i.ShowDigit) refers to gpio.o(.emb_text) for SysCtlDelay
    gpio.o(i.ShowDigit) refers to gpio.o(.data) for .data
    adc.o(i.GetBatteryLevel) refers to stm32g0xx_hal_adc.o(i.HAL_ADC_Start) for HAL_ADC_Start
    adc.o(i.GetBatteryLevel) refers to stm32g0xx_hal_adc.o(i.HAL_ADC_GetValue) for HAL_ADC_GetValue
    adc.o(i.GetBatteryLevel) refers to fflti.o(.text) for __aeabi_ui2f
    adc.o(i.GetBatteryLevel) refers to fmul.o(x$fpl$fmul) for __aeabi_fmul
    adc.o(i.GetBatteryLevel) refers to fdiv.o(.text) for __aeabi_fdiv
    adc.o(i.GetBatteryLevel) refers to stm32g0xx_hal_adc.o(i.HAL_ADC_PollForConversion) for HAL_ADC_PollForConversion
    adc.o(i.GetBatteryLevel) refers to stm32g0xx_hal_adc.o(i.HAL_ADC_Stop) for HAL_ADC_Stop
    adc.o(i.GetBatteryLevel) refers to adc.o(.bss) for .bss
[...]
    Removing stm32g0xx_hal_tim.o(i.HAL_TIM_Base_MspInit), (2 bytes).
    Removing stm32g0xx_hal_tim.o(i.HAL_TIM_Base_Start), (72 bytes).
    Removing stm32g0xx_hal_tim.o(i.HAL_TIM_Base_Start_DMA), (156 bytes).
    Removing stm32g0xx_hal_tim.o(i.HAL_TIM_Base_Stop), (40 bytes).
    Removing stm32g0xx_hal_tim.o(i.HAL_TIM_Base_Stop_DMA), (64 bytes).
    Removing stm32g0xx_hal_tim.o(i.HAL_TIM_ConfigClockSource), (224 bytes).
    Removing stm32g0xx_hal_tim.o(i.HAL_TIM_ConfigOCrefClear), (280 bytes).
    Removing stm32g0xx_hal_tim.o(i.HAL_TIM_ConfigTI1Input), (16 bytes).
    Removing stm32g0xx_hal_tim.o(i.HAL_TIM_DMABurstState), (6 bytes).
    Removing stm32g0xx_hal_tim.o(i.HAL_TIM_DMABurst_MultiReadStart), (332 bytes).
    Removing stm32g0xx_hal_tim.o(i.HAL_TIM_DMABurst_MultiWriteStart), (332 bytes).
    Removing stm32g0xx_hal_tim.o(i.HAL_TIM_DMABurst_ReadStart), (18 bytes).
    Removing stm32g0xx_hal_tim.o(i.HAL_TIM_DMABurst_ReadStop), (112 bytes).
    Removing stm32g0xx_hal_tim.o(i.HAL_TIM_DMABurst_WriteStart), (18 bytes).
    Removing stm32g0xx_hal_tim.o(i.HAL_TIM_DMABurst_WriteStop), (112 bytes).
    Removing stm32g0xx_hal_tim.o(i.HAL_TIM_Encoder_DeInit), (68 bytes).
    Removing stm32g0xx_hal_tim.o(i.HAL_TIM_Encoder_GetState), (6 bytes).
    Removing stm32g0xx_hal_tim.o(i.HAL_TIM_Encoder_Init), (168 bytes).
    Removing stm32g0xx_hal_tim.o(i.HAL_TIM_Encoder_MspDeInit), (2 bytes).
    Removing stm32g0xx_hal_tim.o(i.HAL_TIM_Encoder_MspInit), (2 bytes).
    Removing stm32g0xx_hal_tim.o(i.HAL_TIM_Encoder_Start), (130 bytes).
    Removing stm32g0xx_hal_tim.o(i.HAL_TIM_Encoder_Start_DMA), (424 bytes).
    Removing stm32g0xx_hal_tim.o(i.HAL_TIM_Encoder_Start_IT), (168 bytes).
    Removing stm32g0xx_hal_tim.o(i.HAL_TIM_Encoder_Stop), (108 bytes).
    Removing stm32g0xx_hal_tim.o(i.HAL_TIM_Encoder_Stop_DMA), (176 bytes).
    Removing stm32g0xx_hal_tim.o(i.HAL_TIM_Encoder_Stop_IT), (148 bytes).
    Removing stm32g0xx_hal_tim.o(i.HAL_TIM_ErrorCallback), (2 bytes).
    Removing stm32g0xx_hal_tim.o(i.HAL_TIM_GenerateEvent), (36 bytes).
    Removing stm32g0xx_hal_tim.o(i.HAL_TIM_GetActiveChannel), (4 bytes).
    Removing stm32g0xx_hal_tim.o(i.HAL_TIM_GetChannelState), (50 bytes).
    Removing stm32g0xx_hal_tim.o(i.HAL_TIM_IC_CaptureHalfCpltCallback), (2 bytes).
    Removing stm32g0xx_hal_tim.o(i.HAL_TIM_IC_ConfigChannel), (300 bytes).
    Removing stm32g0xx_hal_tim.o(i.HAL_TIM_IC_DeInit), (84 bytes).
    Removing stm32g0xx_hal_tim.o(i.HAL_TIM_IC_GetState), (6 bytes).
    Removing stm32g0xx_hal_tim.o(i.HAL_TIM_IC_Init), (76 bytes).
    Removing stm32g0xx_hal_tim.o(i.HAL_TIM_IC_MspDeInit), (2 bytes).
    Removing stm32g0xx_hal_tim.o(i.HAL_TIM_IC_MspInit), (2 bytes).
    Removing stm32g0xx_hal_tim.o(i.HAL_TIM_IC_Start), (192 bytes).
    Removing stm32g0xx_hal_tim.o(i.HAL_TIM_IC_Start_DMA), (424 bytes).
    Removing stm32g0xx_hal_tim.o(i.HAL_TIM_IC_Start_IT), (232 bytes).
    Removing stm32g0xx_hal_tim.o(i.HAL_TIM_IC_Stop), (108 bytes).
    Removing stm32g0xx_hal_tim.o(i.HAL_TIM_IC_Stop_DMA), (196 bytes).
    Removing stm32g0xx_hal_tim.o(i.HAL_TIM_IC_Stop_IT), (164 bytes).
    Removing stm32g0xx_hal_tim.o(i.HAL_TIM_OC_ConfigChannel), (108 bytes).
    Removing stm32g0xx_hal_tim.o(i.HAL_TIM_OC_DeInit), (84 bytes).
    Removing stm32g0xx_hal_tim.o(i.HAL_TIM_OC_GetState), (6 bytes).
    Removing stm32g0xx_hal_tim.o(i.HAL_TIM_OC_Init), (76 bytes).
    Removing stm32g0xx_hal_tim.o(i.HAL_TIM_OC_MspDeInit), (2 bytes).
    Removing stm32g0xx_hal_tim.o(i.HAL_TIM_OC_MspInit), (2 bytes).
    Removing stm32g0xx_hal_tim.o(i.HAL_TIM_OC_Start), (192 bytes).
    Removing stm32g0xx_hal_tim.o(i.HAL_TIM_OC_Start_DMA), (448 bytes).
    Removing stm32g0xx_hal_tim.o(i.HAL_TIM_OC_Start_IT), (232 bytes).
    Removing stm32g0xx_hal_tim.o(i.HAL_TIM_OC_Stop), (152 bytes).
    Removing stm32g0xx_hal_tim.o(i.HAL_TIM_OC_Stop_DMA), (244 bytes).
    Removing stm32g0xx_hal_tim.o(i.HAL_TIM_OC_Stop_IT), (212 bytes).
    Removing stm32g0xx_hal_tim.o(i.HAL_TIM_OnePulse_ConfigChannel), (232 bytes).
    Removing stm32g0xx_hal_tim.o(i.HAL_TIM_OnePulse_DeInit), (68 bytes).
    Removing stm32g0xx_hal_tim.o(i.HAL_TIM_OnePulse_GetState), (6 bytes).
    Removing stm32g0xx_hal_tim.o(i.HAL_TIM_OnePulse_Init), (84 bytes).
    Removing stm32g0xx_hal_tim.o(i.HAL_TIM_OnePulse_MspDeInit), (2 bytes).
    Removing stm32g0xx_hal_tim.o(i.HAL_TIM_OnePulse_MspInit), (2 bytes).
    Removing stm32g0xx_hal_tim.o(i.HAL_TIM_OnePulse_Start), (116 bytes).
    Removing stm32g0xx_hal_tim.o(i.HAL_TIM_OnePulse_Start_IT), (132 bytes).
    Removing stm32g0xx_hal_tim.o(i.HAL_TIM_OnePulse_Stop), (128 bytes).
    Removing stm32g0xx_hal_tim.o(i.HAL_TIM_OnePulse_Stop_IT), (148 bytes).
    Removing stm32g0xx_hal_tim.o(i.HAL_TIM_PWM_ConfigChannel), (296 bytes).
    Removing stm32g0xx_hal_tim.o(i.HAL_TIM_PWM_DeInit), (84 bytes).
    Removing stm32g0xx_hal_tim.o(i.HAL_TIM_PWM_GetState), (6 bytes).
    Removing stm32g0xx_hal_tim.o(i.HAL_TIM_PWM_Init), (76 bytes).
    Removing stm32g0xx_hal_tim.o(i.HAL_TIM_PWM_MspDeInit), (2 bytes).
    Removing stm32g0xx_hal_tim.o(i.HAL_TIM_PWM_MspInit), (2 bytes).
    Removing stm32g0xx_hal_tim.o(i.HAL_TIM_PWM_PulseFinishedHalfCpltCallback), (2 bytes).
    Removing stm32g0xx_hal_tim.o(i.HAL_TIM_PWM_Start), (192 bytes).
    Removing stm32g0xx_hal_tim.o(i.HAL_TIM_PWM_Start_DMA), (448 bytes).
    Removing stm32g0xx_hal_tim.o(i.HAL_TIM_PWM_Start_IT), (232 bytes).
    Removing stm32g0xx_hal_tim.o(i.HAL_TIM_PWM_Stop), (152 bytes).
    Removing stm32g0xx_hal_tim.o(i.HAL_TIM_PWM_Stop_DMA), (244 bytes).
    Removing stm32g0xx_hal_tim.o(i.HAL_TIM_PWM_Stop_IT), (212 bytes).
    Removing stm32g0xx_hal_tim.o(i.HAL_TIM_PeriodElapsedCallback), (2 bytes).
    Removing stm32g0xx_hal_tim.o(i.HAL_TIM_PeriodElapsedHalfCpltCallback), (2 bytes).
    Removing stm32g0xx_hal_tim.o(i.HAL_TIM_ReadCapturedValue), (44 bytes).
    Removing stm32g0xx_hal_tim.o(i.HAL_TIM_SlaveConfigSynchro), (76 bytes).
    Removing stm32g0xx_hal_tim.o(i.HAL_TIM_SlaveConfigSynchro_IT), (76 bytes).
    Removing stm32g0xx_hal_tim.o(i.HAL_TIM_TriggerHalfCpltCallback), (2 bytes).
    Removing stm32g0xx_hal_tim.o(i.TIM_CCxChannelCmd), (26 bytes).
    Removing stm32g0xx_hal_tim.o(i.TIM_DMACaptureCplt), (118 bytes).
    Removing stm32g0xx_hal_tim.o(i.TIM_DMACaptureHalfCplt), (56 bytes).
    Removing stm32g0xx_hal_tim.o(i.TIM_DMADelayPulseCplt), (102 bytes).
    Removing stm32g0xx_hal_tim.o(i.TIM_DMADelayPulseHalfCplt), (56 bytes).
    Removing stm32g0xx_hal_tim.o(i.TIM_DMAError), (84 bytes).
    Removing stm32g0xx_hal_tim.o(i.TIM_DMAPeriodElapsedCplt), (24 bytes).
    Removing stm32g0xx_hal_tim.o(i.TIM_DMAPeriodElapsedHalfCplt), (10 bytes).
    Removing stm32g0xx_hal_tim.o(i.TIM_DMATriggerCplt), (24 bytes).
    Removing stm32g0xx_hal_tim.o(i.TIM_DMATriggerHalfCplt), (10 bytes).
    Removing stm32g0xx_hal_tim.o(i.TIM_ETR_SetConfig), (22 bytes).
    Removing stm32g0xx_hal_tim.o(i.TIM_ITRx_SetConfig), (20 bytes).
    Removing stm32g0xx_hal_tim.o(i.TIM_OC1_SetConfig), (124 bytes).
    Removing stm32g0xx_hal_tim.o(i.TIM_OC2_SetConfig), (124 bytes).
    Removing stm32g0xx_hal_tim.o(i.TIM_OC3_SetConfig), (124 bytes).
    Removing stm32g0xx_hal_tim.o(i.TIM_OC4_SetConfig), (104 bytes).
    Removing stm32g0xx_hal_tim.o(i.TIM_OC5_SetConfig), (92 bytes).
    Removing stm32g0xx_hal_tim.o(i.TIM_OC6_SetConfig), (100 bytes).
    Removing stm32g0xx_hal_tim.o(i.TIM_SlaveTimer_SetConfig), (148 bytes).
    Removing stm32g0xx_hal_tim.o(i.TIM_TI1_ConfigInputStage), (34 bytes).
    Removing stm32g0xx_hal_tim.o(i.TIM_TI1_SetConfig), (68 bytes).
    Removing stm32g0xx_hal_tim.o(i.TIM_TI2_ConfigInputStage), (38 bytes).
    Removing stm32g0xx_hal_tim.o(i.TIM_TI2_SetConfig), (52 bytes).
    Removing stm32g0xx_hal_tim_ex.o(.rev16_text), (4 bytes).
    Removing stm32g0xx_hal_tim_ex.o(.revsh_text), (4 bytes).
    Removing stm32g0xx_hal_tim_ex.o(i.HAL_TIMEx_CommutHalfCpltCallback), (2 bytes).
    Removing stm32g0xx_hal_tim_ex.o(i.HAL_TIMEx_ConfigBreakDeadTime), (168 bytes).
    Removing stm32g0xx_hal_tim_ex.o(i.HAL_TIMEx_ConfigBreakInput), (120 bytes).
    Removing stm32g0xx_hal_tim_ex.o(i.HAL_TIMEx_ConfigCommutEvent), (112 bytes).
    Removing stm32g0xx_hal_tim_ex.o(i.HAL_TIMEx_ConfigCommutEvent_DMA), (144 bytes).
    Removing stm32g0xx_hal_tim_ex.o(i.HAL_TIMEx_ConfigCommutEvent_IT), (112 bytes).
    Removing stm32g0xx_hal_tim_ex.o(i.HAL_TIMEx_DisarmBreakInput), (68 bytes).
    Removing stm32g0xx_hal_tim_ex.o(i.HAL_TIMEx_GetChannelNState), (30 bytes).
    Removing stm32g0xx_hal_tim_ex.o(i.HAL_TIMEx_GroupChannel5), (50 bytes).
    Removing stm32g0xx_hal_tim_ex.o(i.HAL_TIMEx_HallSensor_DeInit), (68 bytes).
    Removing stm32g0xx_hal_tim_ex.o(i.HAL_TIMEx_HallSensor_GetState), (6 bytes).
    Removing stm32g0xx_hal_tim_ex.o(i.HAL_TIMEx_HallSensor_Init), (208 bytes).
    Removing stm32g0xx_hal_tim_ex.o(i.HAL_TIMEx_HallSensor_MspDeInit), (2 bytes).
    Removing stm32g0xx_hal_tim_ex.o(i.HAL_TIMEx_HallSensor_MspInit), (2 bytes).
    Removing stm32g0xx_hal_tim_ex.o(i.HAL_TIMEx_HallSensor_Start), (112 bytes).
    Removing stm32g0xx_hal_tim_ex.o(i.HAL_TIMEx_HallSensor_Start_DMA), (184 bytes).
    Removing stm32g0xx_hal_tim_ex.o(i.HAL_TIMEx_HallSensor_Start_IT), (120 bytes).
    Removing stm32g0xx_hal_tim_ex.o(i.HAL_TIMEx_HallSensor_Stop), (64 bytes).
    Removing stm32g0xx_hal_tim_ex.o(i.HAL_TIMEx_HallSensor_Stop_DMA), (76 bytes).
    Removing stm32g0xx_hal_tim_ex.o(i.HAL_TIMEx_HallSensor_Stop_IT), (76 bytes).
    Removing stm32g0xx_hal_tim_ex.o(i.HAL_TIMEx_MasterConfigSynchronization), (100 bytes).
    Removing stm32g0xx_hal_tim_ex.o(i.HAL_TIMEx_OCN_Start), (140 bytes).
    Removing stm32g0xx_hal_tim_ex.o(i.HAL_TIMEx_OCN_Start_DMA), (332 bytes).
    Removing stm32g0xx_hal_tim_ex.o(i.HAL_TIMEx_OCN_Start_IT), (176 bytes).
    Removing stm32g0xx_hal_tim_ex.o(i.HAL_TIMEx_OCN_Stop), (108 bytes).
    Removing stm32g0xx_hal_tim_ex.o(i.HAL_TIMEx_OCN_Stop_DMA), (176 bytes).
    Removing stm32g0xx_hal_tim_ex.o(i.HAL_TIMEx_OCN_Stop_IT), (168 bytes).
    Removing stm32g0xx_hal_tim_ex.o(i.HAL_TIMEx_OnePulseN_Start), (98 bytes).
    Removing stm32g0xx_hal_tim_ex.o(i.HAL_TIMEx_OnePulseN_Start_IT), (116 bytes).
    Removing stm32g0xx_hal_tim_ex.o(i.HAL_TIMEx_OnePulseN_Stop), (112 bytes).
    Removing stm32g0xx_hal_tim_ex.o(i.HAL_TIMEx_OnePulseN_Stop_IT), (132 bytes).
    Removing stm32g0xx_hal_tim_ex.o(i.HAL_TIMEx_PWMN_Start), (140 bytes).
    Removing stm32g0xx_hal_tim_ex.o(i.HAL_TIMEx_PWMN_Start_DMA), (332 bytes).
    Removing stm32g0xx_hal_tim_ex.o(i.HAL_TIMEx_PWMN_Start_IT), (176 bytes).
    Removing stm32g0xx_hal_tim_ex.o(i.HAL_TIMEx_PWMN_Stop), (108 bytes).
    Removing stm32g0xx_hal_tim_ex.o(i.HAL_TIMEx_PWMN_Stop_DMA), (176 bytes).
    Removing stm32g0xx_hal_tim_ex.o(i.HAL_TIMEx_PWMN_Stop_IT), (168 bytes).
    Removing stm32g0xx_hal_tim_ex.o(i.HAL_TIMEx_ReArmBreakInput), (112 bytes).
    Removing stm32g0xx_hal_tim_ex.o(i.HAL_TIMEx_RemapConfig), (40 bytes).
    Removing stm32g0xx_hal_tim_ex.o(i.HAL_TIMEx_TISelection), (82 bytes).
    Removing stm32g0xx_hal_tim_ex.o(i.TIMEx_DMACommutationCplt), (16 bytes).
    Removing stm32g0xx_hal_tim_ex.o(i.TIMEx_DMACommutationHalfCplt), (16 bytes).
    Removing stm32g0xx_hal_tim_ex.o(i.TIM_CCxNChannelCmd), (26 bytes).
    Removing stm32g0xx_hal_tim_ex.o(i.TIM_DMADelayPulseNCplt), (80 bytes).
    Removing stm32g0xx_hal_tim_ex.o(i.TIM_DMAErrorCCxN), (62 bytes).
    Removing system_stm32g0xx.o(.rev16_text), (4 bytes).
    Removing system_stm32g0xx.o(.revsh_text), (4 bytes).
    Removing system_stm32g0xx.o(i.SystemCoreClockUpdate), (144 bytes).
    Removing system_stm32g0xx.o(.constdata), (32 bytes).
    Removing app.o(.rev16_text), (4 bytes).
    Removing app.o(.revsh_text), (4 bytes).
    Removing app.o(i.UserDemo01), (48 bytes).
    Removing app.o(i.UserDemo02), (48 bytes).
    Removing app.o(i.UserDemo03), (64 bytes).
    Removing app.o(i.UserDemo04), (156 bytes).
    Removing app.o(i.UserDemo05), (80 bytes).
    Removing stm32g0xx_hal_dma.o(i.__ARM_common_switch8), (26 bytes).

461 unused section(s) (total 37794 bytes) removed from the image.

==============================================================================

Image Symbol Table

    Local Symbols

    Symbol Name                              Value     Ov Type        Size  Object(Section)

    ../Core/Src/adc.c                        0x00000000   Number         0  adc.o ABSOLUTE
    ../Core/Src/gpio.c                       0x00000000   Number         0  gpio.o ABSOLUTE
    ../Core/Src/i2c.c                        0x00000000   Number         0  i2c.o ABSOLUTE
    ../Core/Src/main.c                       0x00000000   Number         0  main.o ABSOLUTE
    ../Core/Src/stm32g0xx_hal_msp.c          0x00000000   Number         0  stm32g0xx_hal_msp.o ABSOLUTE
    ../Core/Src/stm32g0xx_it.c               0x00000000   Number         0  stm32g0xx_it.o ABSOLUTE
    ../Core/Src/system_stm32g0xx.c           0x00000000   Number         0  system_stm32g0xx.o ABSOLUTE
    ../Core/Src/tim.c                        0x00000000   Number         0  tim.o ABSOLUTE
    ../Drivers/STM32G0xx_HAL_Driver/Src/stm32g0xx_hal.c 0x00000000   Number         0  stm32g0xx_hal.o ABSOLUTE
    ../Drivers/STM32G0xx_HAL_Driver/Src/stm32g0xx_hal_adc.c 0x00000000   Number         0  stm32g0xx_hal_adc.o ABSOLUTE
    ../Drivers/STM32G0xx_HAL_Driver/Src/stm32g0xx_hal_adc_ex.c 0x00000000   Number         0  stm32g0xx_hal_adc_ex.o ABSOLUTE
    ../Drivers/STM32G0xx_HAL_Driver/Src/stm32g0xx_hal_cortex.c 0x00000000   Number         0  stm32g0xx_hal_cortex.o ABSOLUTE
    ../Drivers/STM32G0xx_HAL_Driver/Src/stm32g0xx_hal_dma.c 0x00000000   Number         0  stm32g0xx_hal_dma.o ABSOLUTE
    ../Drivers/STM32G0xx_HAL_Driver/Src/stm32g0xx_hal_dma_ex.c 0x00000000   Number         0  stm32g0xx_hal_dma_ex.o ABSOLUTE
    ../Drivers/STM32G0xx_HAL_Driver/Src/stm32g0xx_hal_exti.c 0x00000000   Number         0  stm32g0xx_hal_exti.o ABSOLUTE
    ../Drivers/STM32G0xx_HAL_Driver/Src/stm32g0xx_hal_flash.c 0x00000000   Number         0  stm32g0xx_hal_flash.o ABSOLUTE
    ../Drivers/STM32G0xx_HAL_Driver/Src/stm32g0xx_hal_flash_ex.c 0x00000000   Number         0  stm32g0xx_hal_flash_ex.o ABSOLUTE
    ../Drivers/STM32G0xx_HAL_Driver/Src/stm32g0xx_hal_gpio.c 0x00000000   Number         0  stm32g0xx_hal_gpio.o ABSOLUTE
    ../Drivers/STM32G0xx_HAL_Driver/Src/stm32g0xx_hal_i2c.c 0x00000000   Number         0  stm32g0xx_hal_i2c.o ABSOLUTE
    ../Drivers/STM32G0xx_HAL_Driver/Src/stm32g0xx_hal_i2c_ex.c 0x00000000   Number         0  stm32g0xx_hal_i2c_ex.o ABSOLUTE
    ../Drivers/STM32G0xx_HAL_Driver/Src/stm32g0xx_hal_pwr.c 0x00000000   Number         0  stm32g0xx_hal_pwr.o ABSOLUTE
    ../Drivers/STM32G0xx_HAL_Driver/Src/stm32g0xx_hal_pwr_ex.c 0x00000000   Number         0  stm32g0xx_hal_pwr_ex.o ABSOLUTE
    ../Drivers/STM32G0xx_HAL_Driver/Src/stm32g0xx_hal_rcc.c 0x00000000   Number         0  stm32g0xx_hal_rcc.o ABSOLUTE
    ../Drivers/STM32G0xx_HAL_Driver/Src/stm32g0xx_hal_rcc_ex.c 0x00000000   Number         0  stm32g0xx_hal_rcc_ex.o ABSOLUTE
    ../Drivers/STM32G0xx_HAL_Driver/Src/stm32g0xx_hal_tim.c 0x00000000   Number         0  stm32g0xx_hal_tim.o ABSOLUTE
    ../Drivers/STM32G0xx_HAL_Driver/Src/stm32g0xx_hal_tim_ex.c 0x00000000   Number         0  stm32g0xx_hal_tim_ex.o ABSOLUTE
    ../Drivers/STM32G0xx_HAL_Driver/Src/stm32g0xx_ll_adc.c 0x00000000   Number         0  stm32g0xx_ll_adc.o ABSOLUTE
    ../Drivers/STM32G0xx_HAL_Driver/Src/stm32g0xx_ll_dma.c 0x00000000   Number         0  stm32g0xx_ll_dma.o ABSOLUTE
    ../Drivers/STM32G0xx_HAL_Driver/Src/stm32g0xx_ll_rcc.c 0x00000000   Number         0  stm32g0xx_ll_rcc.o ABSOLUTE
    ../clib/angel/boardlib.s                 0x00000000   Number         0  boardshut.o ABSOLUTE
    ../clib/angel/boardlib.s                 0x00000000   Number         0  boardinit1.o ABSOLUTE
    ../clib/angel/boardlib.s                 0x00000000   Number         0  boardinit2.o ABSOLUTE
    ../clib/angel/boardlib.s                 0x00000000   Number         0  boardinit3.o ABSOLUTE
    ../clib/angel/handlers.s                 0x00000000   Number         0  __scatter_zi.o ABSOLUTE
    ../clib/angel/handlers.s                 0x00000000   Number         0  __scatter_copy.o ABSOLUTE
    ../clib/angel/kernel.s                   0x00000000   Number         0  __rtentry4.o ABSOLUTE
    ../clib/angel/kernel.s                   0x00000000   Number         0  __rtentry2.o ABSOLUTE
    ../clib/angel/kernel.s                   0x00000000   Number         0  rtexit2.o ABSOLUTE
    ../clib/angel/kernel.s                   0x00000000   Number         0  __rtentry.o ABSOLUTE
    ../clib/angel/kernel.s                   0x00000000   Number         0  rtexit.o ABSOLUTE
    ../clib/angel/rt.s                       0x00000000   Number         0  rt_raise.o ABSOLUTE
    ../clib/angel/rt.s                       0x00000000   Number         0  aeabi_idiv0_sigfpe.o ABSOLUTE
    ../clib/angel/rt.s                       0x00000000   Number         0  aeabi_idiv0.o ABSOLUTE
    ../clib/angel/rt.s                       0x00000000   Number         0  rt_div0.o ABSOLUTE
    ../clib/angel/scatterp.s                 0x00000000   Number         0  __scatter.o ABSOLUTE
    ../clib/angel/startup.s                  0x00000000   Number         0  __main.o ABSOLUTE
    ../clib/angel/sys.s                      0x00000000   Number         0  sys_stackheap_outer.o ABSOLUTE
    ../clib/angel/sys.s                      0x00000000   Number         0  use_no_semi.o ABSOLUTE
    ../clib/angel/sys.s                      0x00000000   Number         0  indicate_semi.o ABSOLUTE
    ../clib/angel/sys.s                      0x00000000   Number         0  libspace.o ABSOLUTE
    ../clib/angel/sys.s                      0x00000000   Number         0  tempstk.o ABSOLUTE
    ../clib/angel/sysapp.c                   0x00000000   Number         0  sys_command.o ABSOLUTE
    ../clib/angel/sysapp.c                   0x00000000   Number         0  sys_wrch.o ABSOLUTE
    ../clib/angel/sysapp.c                   0x00000000   Number         0  sys_exit.o ABSOLUTE
    ../clib/armsys.c                         0x00000000   Number         0  no_argv.o ABSOLUTE
    ../clib/armsys.c                         0x00000000   Number         0  _get_argv_nomalloc.o ABSOLUTE
    ../clib/armsys.c                         0x00000000   Number         0  argv_veneer.o ABSOLUTE
    ../clib/division.s                       0x00000000   Number         0  aeabi_sdiv_div0.o ABSOLUTE
    ../clib/division.s                       0x00000000   Number         0  aeabi_sdiv.o ABSOLUTE
    ../clib/heapalloc.c                      0x00000000   Number         0  hrguard.o ABSOLUTE
    ../clib/heapaux.c                        0x00000000   Number         0  heapauxi.o ABSOLUTE
    ../clib/libinit.s                        0x00000000   Number         0  libshutdown2.o ABSOLUTE
    ../clib/libinit.s                        0x00000000   Number         0  libshutdown.o ABSOLUTE
    ../clib/libinit.s                        0x00000000   Number         0  libinit.o ABSOLUTE
    ../clib/libinit.s                        0x00000000   Number         0  libinit2.o ABSOLUTE
    ../clib/memcpset.c                       0x00000000   Number         0  rt_memclr.o ABSOLUTE
    ../clib/signal.c                         0x00000000   Number         0  defsig_rtmem_formal.o ABSOLUTE
    ../clib/signal.c                         0x00000000   Number         0  defsig_rtmem_inner.o ABSOLUTE
    ../clib/signal.c                         0x00000000   Number         0  defsig_rtred_inner.o ABSOLUTE
    ../clib/signal.c                         0x00000000   Number         0  defsig_abrt_inner.o ABSOLUTE
    ../clib/signal.c                         0x00000000   Number         0  defsig_stak_inner.o ABSOLUTE
    ../clib/signal.c                         0x00000000   Number         0  defsig_general.o ABSOLUTE
    ../clib/signal.c                         0x00000000   Number         0  defsig_exit.o ABSOLUTE
    ../clib/signal.c                         0x00000000   Number         0  defsig_rtmem_outer.o ABSOLUTE
    ../clib/signal.c                         0x00000000   Number         0  defsig_pvfn_inner.o ABSOLUTE
    ../clib/signal.c                         0x00000000   Number         0  defsig_cppl_inner.o ABSOLUTE
    ../clib/signal.c                         0x00000000   Number         0  defsig_segv_inner.o ABSOLUTE
    ../clib/signal.c                         0x00000000   Number         0  defsig_fpe_inner.o ABSOLUTE
    ../clib/signal.c                         0x00000000   Number         0  defsig_other.o ABSOLUTE
    ../clib/signal.c                         0x00000000   Number         0  defsig_fpe_formal.o ABSOLUTE
    ../clib/signal.c                         0x00000000   Number         0  defsig_fpe_outer.o ABSOLUTE
    ../clib/signal.c                         0x00000000   Number         0  __raise.o ABSOLUTE
    ../clib/signal.s                         0x00000000   Number         0  defsig.o ABSOLUTE
    ../clib/stdlib.c                         0x00000000   Number         0  exit.o ABSOLUTE
    ../fplib/cfplib/fdiv.c                   0x00000000   Number         0  fdiv.o ABSOLUTE
    ../fplib/cfplib/ffix.c                   0x00000000   Number         0  ffixui.o ABSOLUTE
    ../fplib/cfplib/fflt.c                   0x00000000   Number         0  fflti.o ABSOLUTE
    ../fplib/cfplib/fpinit.c                 0x00000000   Number         0  fpinit.o ABSOLUTE
    ../fplib/cfplib/scalbn.c                 0x00000000   Number         0  fscalbn.o ABSOLUTE
    ../fplib/faddsub6m.s                     0x00000000   Number         0  faddsub.o ABSOLUTE
    ../fplib/fmul6m.s                        0x00000000   Number         0  fmul.o ABSOLUTE
    ../fplib/usenofp.s                       0x00000000   Number         0  usenofp.o ABSOLUTE
    ..\AppCode\app.c                         0x00000000   Number         0  app.o ABSOLUTE
    ..\Core\Src\adc.c                        0x00000000   Number         0  adc.o ABSOLUTE
    ..\Core\Src\gpio.c                       0x00000000   Number         0  gpio.o ABSOLUTE
    ..\Core\Src\i2c.c                        0x00000000   Number         0  i2c.o ABSOLUTE
    ..\Core\Src\main.c                       0x00000000   Number         0  main.o ABSOLUTE
    ..\Core\Src\stm32g0xx_hal_msp.c          0x00000000   Number         0  stm32g0xx_hal_msp.o ABSOLUTE
    ..\Core\Src\stm32g0xx_it.c               0x00000000   Number         0  stm32g0xx_it.o ABSOLUTE
    ..\Core\Src\system_stm32g0xx.c           0x00000000   Number         0  system_stm32g0xx.o ABSOLUTE
    ..\Core\Src\tim.c                        0x00000000   Number         0  tim.o ABSOLUTE
    ..\Drivers\STM32G0xx_HAL_Driver\Src\stm32g0xx_hal.c 0x00000000   Number         0  stm32g0xx_hal.o ABSOLUTE
    ..\Drivers\STM32G0xx_HAL_Driver\Src\stm32g0xx_hal_adc.c 0x00000000   Number         0  stm32g0xx_hal_adc.o ABSOLUTE
    ..\Drivers\STM32G0xx_HAL_Driver\Src\stm32g0xx_hal_adc_ex.c 0x00000000   Number         0  stm32g0xx_hal_adc_ex.o ABSOLUTE
    ..\Drivers\STM32G0xx_HAL_Driver\Src\stm32g0xx_hal_cortex.c 0x00000000   Number         0  stm32g0xx_hal_cortex.o ABSOLUTE
    ..\Drivers\STM32G0xx_HAL_Driver\Src\stm32g0xx_hal_dma.c 0x00000000   Number         0  stm32g0xx_hal_dma.o ABSOLUTE
    ..\Drivers\STM32G0xx_HAL_Driver\Src\stm32g0xx_hal_dma_ex.c 0x00000000   Number         0  stm32g0xx_hal_dma_ex.o ABSOLUTE
    ..\Drivers\STM32G0xx_HAL_Driver\Src\stm32g0xx_hal_exti.c 0x00000000   Number         0  stm32g0xx_hal_exti.o ABSOLUTE
    ..\Drivers\STM32G0xx_HAL_Driver\Src\stm32g0xx_hal_flash.c 0x00000000   Number         0  stm32g0xx_hal_flash.o ABSOLUTE
    ..\Drivers\STM32G0xx_HAL_Driver\Src\stm32g0xx_hal_flash_ex.c 0x00000000   Number         0  stm32g0xx_hal_flash_ex.o ABSOLUTE
    ..\Drivers\STM32G0xx_HAL_Driver\Src\stm32g0xx_hal_gpio.c 0x00000000   Number         0  stm32g0xx_hal_gpio.o ABSOLUTE
    ..\Drivers\STM32G0xx_HAL_Driver\Src\stm32g0xx_hal_i2c.c 0x00000000   Number         0  stm32g0xx_hal_i2c.o ABSOLUTE
    ..\Drivers\STM32G0xx_HAL_Driver\Src\stm32g0xx_hal_i2c_ex.c 0x00000000   Number         0  stm32g0xx_hal_i2c_ex.o ABSOLUTE
    ..\Drivers\STM32G0xx_HAL_Driver\Src\stm32g0xx_hal_pwr.c 0x00000000   Number         0  stm32g0xx_hal_pwr.o ABSOLUTE
    ..\Drivers\STM32G0xx_HAL_Driver\Src\stm32g0xx_hal_pwr_ex.c 0x00000000   Number         0  stm32g0xx_hal_pwr_ex.o ABSOLUTE
    ..\Drivers\STM32G0xx_HAL_Driver\Src\stm32g0xx_hal_rcc.c 0x00000000   Number         0  stm32g0xx_hal_rcc.o ABSOLUTE
    ..\Drivers\STM32G0xx_HAL_Driver\Src\stm32g0xx_hal_rcc_ex.c 0x00000000   Number         0  stm32g0xx_hal_rcc_ex.o ABSOLUTE
    ..\Drivers\STM32G0xx_HAL_Driver\Src\stm32g0xx_hal_tim.c 0x00000000   Number         0  stm32g0xx_hal_tim.o ABSOLUTE
    ..\Drivers\STM32G0xx_HAL_Driver\Src\stm32g0xx_hal_tim_ex.c 0x00000000   Number         0  stm32g0xx_hal_tim_ex.o ABSOLUTE
    ..\\AppCode\\app.c                       0x00000000   Number         0  app.o ABSOLUTE
    dc.s                                     0x00000000   Number         0  dc.o ABSOLUTE
    startup_stm32g030xx.s                    0x00000000   Number         0  startup_stm32g030xx.o ABSOLUTE
    RESET                                    0x08000000   Section      192  startup_stm32g030xx.o(RESET)
    !!!main                                  0x080000c0   Section        8  __main.o(!!!main)
    !!!scatter                               0x080000c8   Section       60  __scatter.o(!!!scatter)
    !!handler_copy                           0x08000104   Section       26  __scatter_copy.o(!!handler_copy)
    !!handler_zi                             0x08000120   Section       28  __scatter_zi.o(!!handler_zi)
    .ARM.Collect$$libinit$$00000000          0x0800013c   Section        2  libinit.o(.ARM.Collect$$libinit$$00000000)
    .ARM.Collect$$libinit$$00000002          0x0800013e   Section        0  libinit2.o(.ARM.Collect$$libinit$$00000002)
    .ARM.Collect$$libinit$$00000004          0x0800013e   Section        0  libinit2.o(.ARM.Collect$$libinit$$00000004)
    .ARM.Collect$$libinit$$0000000A          0x0800013e   Section        0  libinit2.o(.ARM.Collect$$libinit$$0000000A)
    .ARM.Collect$$libinit$$0000000C          0x0800013e   Section        0  libinit2.o(.ARM.Collect$$libinit$$0000000C)
    .ARM.Collect$$libinit$$0000000E          0x0800013e   Section        0  libinit2.o(.ARM.Collect$$libinit$$0000000E)
    .ARM.Collect$$libinit$$00000011          0x0800013e   Section        0  libinit2.o(.ARM.Collect$$libinit$$00000011)
    .ARM.Collect$$libinit$$00000013          0x0800013e   Section        0  libinit2.o(.ARM.Collect$$libinit$$00000013)
    .ARM.Collect$$libinit$$00000015          0x0800013e   Section        0  libinit2.o(.ARM.Collect$$libinit$$00000015)
    .ARM.Collect$$libinit$$00000017          0x0800013e   Section        0  libinit2.o(.ARM.Collect$$libinit$$00000017)
    .ARM.Collect$$libinit$$00000019          0x0800013e   Section        0  libinit2.o(.ARM.Collect$$libinit$$00000019)
    .ARM.Collect$$libinit$$0000001B          0x0800013e   Section        0  libinit2.o(.ARM.Collect$$libinit$$0000001B)
    .ARM.Collect$$libinit$$0000001D          0x0800013e   Section        0  libinit2.o(.ARM.Collect$$libinit$$0000001D)
    .ARM.Collect$$libinit$$0000001F          0x0800013e   Section        0  libinit2.o(.ARM.Collect$$libinit$$0000001F)
    .ARM.Collect$$libinit$$00000021          0x0800013e   Section        0  libinit2.o(.ARM.Collect$$libinit$$00000021)
    .ARM.Collect$$libinit$$00000023          0x0800013e   Section        0  libinit2.o(.ARM.Collect$$libinit$$00000023)
    .ARM.Collect$$libinit$$00000025          0x0800013e   Section        0  libinit2.o(.ARM.Collect$$libinit$$00000025)
    .ARM.Collect$$libinit$$0000002C          0x0800013e   Section        0  libinit2.o(.ARM.Collect$$libinit$$0000002C)
    .ARM.Collect$$libinit$$0000002E          0x0800013e   Section        0  libinit2.o(.ARM.Collect$$libinit$$0000002E)
    .ARM.Collect$$libinit$$00000030          0x0800013e   Section        0  libinit2.o(.ARM.Collect$$libinit$$00000030)
    .ARM.Collect$$libinit$$00000032          0x0800013e   Section        0  libinit2.o(.ARM.Collect$$libinit$$00000032)
    .ARM.Collect$$libinit$$00000033          0x0800013e   Section        2  libinit2.o(.ARM.Collect$$libinit$$00000033)
    .ARM.Collect$$libshutdown$$00000000      0x08000140   Section        2  libshutdown.o(.ARM.Collect$$libshutdown$$00000000)
    .ARM.Collect$$libshutdown$$00000003      0x08000142   Section        0  libshutdown2.o(.ARM.Collect$$libshutdown$$00000003)
    .ARM.Collect$$libshutdown$$00000006      0x08000142   Section        0  libshutdown2.o(.ARM.Collect$$libshutdown$$00000006)
    .ARM.Collect$$libshutdown$$00000009      0x08000142   Section        0  libshutdown2.o(.ARM.Collect$$libshutdown$$00000009)
    .ARM.Collect$$libshutdown$$0000000B      0x08000142   Section        0  libshutdown2.o(.ARM.Collect$$libshutdown$$0000000B)
    .ARM.Collect$$libshutdown$$0000000E      0x08000142   Section        0  libshutdown2.o(.ARM.Collect$$libshutdown$$0000000E)
    .ARM.Collect$$libshutdown$$0000000F      0x08000142   Section        2  libshutdown2.o(.ARM.Collect$$libshutdown$$0000000F)
    .ARM.Collect$$rtentry$$00000000          0x08000144   Section        0  __rtentry.o(.ARM.Collect$$rtentry$$00000000)
    .ARM.Collect$$rtentry$$00000002          0x08000144   Section        0  __rtentry2.o(.ARM.Collect$$rtentry$$00000002)
    .ARM.Collect$$rtentry$$00000004          0x08000144   Section        6  __rtentry4.o(.ARM.Collect$$rtentry$$00000004)
    .ARM.Collect$$rtentry$$00000009          0x0800014a   Section        0  __rtentry2.o(.ARM.Collect$$rtentry$$00000009)
    .ARM.Collect$$rtentry$$0000000A          0x0800014a   Section        4  __rtentry2.o(.ARM.Collect$$rtentry$$0000000A)
    .ARM.Collect$$rtentry$$0000000C          0x0800014e   Section        0  __rtentry2.o(.ARM.Collect$$rtentry$$0000000C)
    .ARM.Collect$$rtentry$$0000000D          0x0800014e   Section        8  __rtentry2.o(.ARM.Collect$$rtentry$$0000000D)
    .ARM.Collect$$rtexit$$00000000           0x08000156   Section        2  rtexit.o(.ARM.Collect$$rtexit$$00000000)
    .ARM.Collect$$rtexit$$00000002           0x08000158   Section        0  rtexit2.o(.ARM.Collect$$rtexit$$00000002)
    .ARM.Collect$$rtexit$$00000003           0x08000158   Section        4  rtexit2.o(.ARM.Collect$$rtexit$$00000003)
    .ARM.Collect$$rtexit$$00000004           0x0800015c   Section        6  rtexit2.o(.ARM.Collect$$rtexit$$00000004)
    .emb_text                                0x08000164   Section        6  gpio.o(.emb_text)
    .text                                    0x0800016c   Section       56  startup_stm32g030xx.o(.text)
    .text                                    0x080001a4   Section        0  rt_memclr.o(.text)
    .text                                    0x080001e4   Section      346  aeabi_sdiv.o(.text)
    .text                                    0x0800033e   Section        0  heapauxi.o(.text)
    .text                                    0x08000344   Section        0  fdiv.o(.text)
    .text                                    0x080004a4   Section        0  ffixui.o(.text)
    .text                                    0x080004d4   Section        0  fflti.o(.text)
    .text                                    0x08000534   Section        0  fscalbn.o(.text)
    .text                                    0x08000578   Section       62  sys_stackheap_outer.o(.text)
    .text                                    0x080005b6   Section        0  exit.o(.text)
    .text                                    0x080005c4   Section        8  libspace.o(.text)
    .text                                    0x080005cc   Section        0  sys_exit.o(.text)
    .text                                    0x080005d8   Section        2  use_no_semi.o(.text)
    .text                                    0x080005da   Section        0  indicate_semi.o(.text)
    i.ADC_ConversionStop                     0x080005dc   Section        0  stm32g0xx_hal_adc.o(i.ADC_ConversionStop)
    i.ADC_Disable                            0x0800063c   Section        0  stm32g0xx_hal_adc.o(i.ADC_Disable)
    i.ADC_Enable                             0x080006b0   Section        0  stm32g0xx_hal_adc.o(i.ADC_Enable)
    i.EXTI4_15_IRQHandler                    0x08000764   Section        0  stm32g0xx_it.o(i.EXTI4_15_IRQHandler)
    i.Error_Handler                          0x0800076e   Section        0  main.o(i.Error_Handler)
    i.GetBatteryLevel                        0x08000774   Section        0  adc.o(i.GetBatteryLevel)
    i.HAL_ADC_ConfigChannel                  0x080007b4   Section        0  stm32g0xx_hal_adc.o(i.HAL_ADC_ConfigChannel)
    i.HAL_ADC_GetValue                       0x080009d8   Section        0  stm32g0xx_hal_adc.o(i.HAL_ADC_GetValue)
    i.HAL_ADC_Init                           0x080009e0   Section        0  stm32g0xx_hal_adc.o(i.HAL_ADC_Init)
    i.HAL_ADC_MspInit                        0x08000bfc   Section        0  adc.o(i.HAL_ADC_MspInit)
    i.HAL_ADC_PollForConversion              0x08000c58   Section        0  stm32g0xx_hal_adc.o(i.HAL_ADC_PollForConversion)
    i.HAL_ADC_Start                          0x08000d1c   Section        0  stm32g0xx_hal_adc.o(i.HAL_ADC_Start)
    i.HAL_ADC_Stop                           0x08000d84   Section        0  stm32g0xx_hal_adc.o(i.HAL_ADC_Stop)
    i.HAL_Delay                              0x08000dc4   Section        0  stm32g0xx_hal.o(i.HAL_Delay)
    i.HAL_GPIO_EXTI_Falling_Callback         0x08000de8   Section        0  gpio.o(i.HAL_GPIO_EXTI_Falling_Callback)
    i.HAL_GPIO_EXTI_IRQHandler               0x08000e40   Section        0  stm32g0xx_hal_gpio.o(i.HAL_GPIO_EXTI_IRQHandler)
    i.HAL_GPIO_EXTI_Rising_Callback          0x08000e68   Section        0  stm32g0xx_hal_gpio.o(i.HAL_GPIO_EXTI_Rising_Callback)
    i.HAL_GPIO_Init                          0x08000e6c   Section        0  stm32g0xx_hal_gpio.o(i.HAL_GPIO_Init)
    i.HAL_GPIO_ReadPin                       0x08000fc8   Section        0  stm32g0xx_hal_gpio.o(i.HAL_GPIO_ReadPin)
    i.HAL_GPIO_WritePin                      0x08000fd2   Section        0  stm32g0xx_hal_gpio.o(i.HAL_GPIO_WritePin)
    i.HAL_GetTick                            0x08000fe0   Section        0  stm32g0xx_hal.o(i.HAL_GetTick)
    i.HAL_I2CEx_ConfigAnalogFilter           0x08000fec   Section        0  stm32g0xx_hal_i2c_ex.o(i.HAL_I2CEx_ConfigAnalogFilter)
    i.HAL_I2CEx_ConfigDigitalFilter          0x08001036   Section        0  stm32g0xx_hal_i2c_ex.o(i.HAL_I2CEx_ConfigDigitalFilter)
    i.HAL_I2C_Init                           0x08001080   Section        0  stm32g0xx_hal_i2c.o(i.HAL_I2C_Init)
    i.HAL_I2C_Master_Receive                 0x0800113c   Section        0  stm32g0xx_hal_i2c.o(i.HAL_I2C_Master_Receive)
    i.HAL_I2C_Master_Transmit                0x0800124c   Section        0  stm32g0xx_hal_i2c.o(i.HAL_I2C_Master_Transmit)
    i.HAL_I2C_MspInit                        0x08001384   Section        0  i2c.o(i.HAL_I2C_MspInit)
    i.HAL_IncTick                            0x08001404   Section        0  stm32g0xx_hal.o(i.HAL_IncTick)
    i.HAL_Init                               0x08001414   Section        0  stm32g0xx_hal.o(i.HAL_Init)
    i.HAL_InitTick                           0x0800143c   Section        0  stm32g0xx_hal.o(i.HAL_InitTick)
    i.HAL_MspInit                            0x08001484   Section        0  stm32g0xx_hal_msp.o(i.HAL_MspInit)
    i.HAL_NVIC_EnableIRQ                     0x080014b0   Section        0  stm32g0xx_hal_cortex.o(i.HAL_NVIC_EnableIRQ)
    i.HAL_NVIC_SetPriority                   0x080014c8   Section        0  stm32g0xx_hal_cortex.o(i.HAL_NVIC_SetPriority)
    i.HAL_PWREx_ControlVoltageScaling        0x080014d0   Section        0  stm32g0xx_hal_pwr_ex.o(i.HAL_PWREx_ControlVoltageScaling)
    i.HAL_PWREx_DisableLowPowerRunMode       0x0800151c   Section        0  stm32g0xx_hal_pwr_ex.o(i.HAL_PWREx_DisableLowPowerRunMode)
    i.HAL_PWREx_EnableLowPowerRunMode        0x0800155c   Section        0  stm32g0xx_hal_pwr_ex.o(i.HAL_PWREx_EnableLowPowerRunMode)
    i.HAL_PWR_EnterSLEEPMode                 0x0800156c   Section        0  stm32g0xx_hal_pwr.o(i.HAL_PWR_EnterSLEEPMode)
    i.HAL_RCCEx_PeriphCLKConfig              0x080015b0   Section        0  stm32g0xx_hal_rcc_ex.o(i.HAL_RCCEx_PeriphCLKConfig)
    i.HAL_RCC_ClockConfig                    0x080016fc   Section        0  stm32g0xx_hal_rcc.o(i.HAL_RCC_ClockConfig)
    i.HAL_RCC_GetSysClockFreq                0x08001854   Section        0  stm32g0xx_hal_rcc.o(i.HAL_RCC_GetSysClockFreq)
    i.HAL_RCC_OscConfig                      0x080018e0   Section        0  stm32g0xx_hal_rcc.o(i.HAL_RCC_OscConfig)
    i.HAL_ResumeTick                         0x08001cb8   Section        0  stm32g0xx_hal.o(i.HAL_ResumeTick)
    i.HAL_SYSTICK_Config                     0x08001cc8   Section        0  stm32g0xx_hal_cortex.o(i.HAL_SYSTICK_Config)
    i.HAL_SuspendTick                        0x08001cf8   Section        0  stm32g0xx_hal.o(i.HAL_SuspendTick)
    i.HAL_TIMEx_Break2Callback               0x08001d08   Section        0  stm32g0xx_hal_tim_ex.o(i.HAL_TIMEx_Break2Callback)
    i.HAL_TIMEx_BreakCallback                0x08001d0a   Section        0  stm32g0xx_hal_tim_ex.o(i.HAL_TIMEx_BreakCallback)
    i.HAL_TIMEx_CommutCallback               0x08001d0c   Section        0  stm32g0xx_hal_tim_ex.o(i.HAL_TIMEx_CommutCallback)
    i.HAL_TIM_Base_Init                      0x08001d0e   Section        0  stm32g0xx_hal_tim.o(i.HAL_TIM_Base_Init)
    i.HAL_TIM_Base_MspInit                   0x08001d5c   Section        0  tim.o(i.HAL_TIM_Base_MspInit)
    i.HAL_TIM_Base_Start_IT                  0x08001d90   Section        0  stm32g0xx_hal_tim.o(i.HAL_TIM_Base_Start_IT)
    i.HAL_TIM_Base_Stop_IT                   0x08001de0   Section        0  stm32g0xx_hal_tim.o(i.HAL_TIM_Base_Stop_IT)
    i.HAL_TIM_IC_CaptureCallback             0x08001e14   Section        0  stm32g0xx_hal_tim.o(i.HAL_TIM_IC_CaptureCallback)
    i.HAL_TIM_IRQHandler                     0x08001e18   Section        0  stm32g0xx_hal_tim.o(i.HAL_TIM_IRQHandler)
    i.HAL_TIM_OC_DelayElapsedCallback        0x08001f60   Section        0  stm32g0xx_hal_tim.o(i.HAL_TIM_OC_DelayElapsedCallback)
    i.HAL_TIM_PWM_PulseFinishedCallback      0x08001f62   Section        0  stm32g0xx_hal_tim.o(i.HAL_TIM_PWM_PulseFinishedCallback)
    i.HAL_TIM_PeriodElapsedCallback          0x08001f64   Section        0  tim.o(i.HAL_TIM_PeriodElapsedCallback)
    i.HAL_TIM_TriggerCallback                0x08001f84   Section        0  stm32g0xx_hal_tim.o(i.HAL_TIM_TriggerCallback)
    i.HardFault_Handler                      0x08001f86   Section        0  stm32g0xx_it.o(i.HardFault_Handler)
    i.I2C_Flush_TXDR                         0x08001f88   Section        0  stm32g0xx_hal_i2c.o(i.I2C_Flush_TXDR)
    I2C_Flush_TXDR                           0x08001f89   Thumb Code    34  stm32g0xx_hal_i2c.o(i.I2C_Flush_TXDR)
    i.I2C_IsErrorOccurred                    0x08001fac   Section        0  stm32g0xx_hal_i2c.o(i.I2C_IsErrorOccurred)
    I2C_IsErrorOccurred                      0x08001fad   Thumb Code   260  stm32g0xx_hal_i2c.o(i.I2C_IsErrorOccurred)
    i.I2C_TransferConfig                     0x080020b4   Section        0  stm32g0xx_hal_i2c.o(i.I2C_TransferConfig)
    I2C_TransferConfig                       0x080020b5   Thumb Code    38  stm32g0xx_hal_i2c.o(i.I2C_TransferConfig)
    i.I2C_WaitOnFlagUntilTimeout             0x080020e0   Section        0  stm32g0xx_hal_i2c.o(i.I2C_WaitOnFlagUntilTimeout)
    I2C_WaitOnFlagUntilTimeout               0x080020e1   Thumb Code   114  stm32g0xx_hal_i2c.o(i.I2C_WaitOnFlagUntilTimeout)
    i.I2C_WaitOnRXNEFlagUntilTimeout         0x08002154   Section        0  stm32g0xx_hal_i2c.o(i.I2C_WaitOnRXNEFlagUntilTimeout)
    I2C_WaitOnRXNEFlagUntilTimeout           0x08002155   Thumb Code   152  stm32g0xx_hal_i2c.o(i.I2C_WaitOnRXNEFlagUntilTimeout)
    i.I2C_WaitOnSTOPFlagUntilTimeout         0x080021f0   Section        0  stm32g0xx_hal_i2c.o(i.I2C_WaitOnSTOPFlagUntilTimeout)
    I2C_WaitOnSTOPFlagUntilTimeout           0x080021f1   Thumb Code    86  stm32g0xx_hal_i2c.o(i.I2C_WaitOnSTOPFlagUntilTimeout)
    i.I2C_WaitOnTXISFlagUntilTimeout         0x08002246   Section        0  stm32g0xx_hal_i2c.o(i.I2C_WaitOnTXISFlagUntilTimeout)
    I2C_WaitOnTXISFlagUntilTimeout           0x08002247   Thumb Code    90  stm32g0xx_hal_i2c.o(i.I2C_WaitOnTXISFlagUntilTimeout)
    i.LL_ADC_IsEnabled                       0x080022a0   Section        0  stm32g0xx_hal_adc.o(i.LL_ADC_IsEnabled)
    LL_ADC_IsEnabled                         0x080022a1   Thumb Code     8  stm32g0xx_hal_adc.o(i.LL_ADC_IsEnabled)
    i.LL_ADC_REG_IsConversionOngoing         0x080022a8   Section        0  stm32g0xx_hal_adc.o(i.LL_ADC_REG_IsConversionOngoing)
    LL_ADC_REG_IsConversionOngoing           0x080022a9   Thumb Code     8  stm32g0xx_hal_adc.o(i.LL_ADC_REG_IsConversionOngoing)
    i.LL_ADC_REG_IsTriggerSourceSWStart      0x080022b0   Section        0  stm32g0xx_hal_adc.o(i.LL_ADC_REG_IsTriggerSourceSWStart)
    LL_ADC_REG_IsTriggerSourceSWStart        0x080022b1   Thumb Code    16  stm32g0xx_hal_adc.o(i.LL_ADC_REG_IsTriggerSourceSWStart)
    i.LL_ADC_SetCommonPathInternalCh         0x080022c0   Section        0  stm32g0xx_hal_adc.o(i.LL_ADC_SetCommonPathInternalCh)
    LL_ADC_SetCommonPathInternalCh           0x080022c1   Thumb Code    14  stm32g0xx_hal_adc.o(i.LL_ADC_SetCommonPathInternalCh)
    i.LL_ADC_SetSamplingTimeCommonChannels   0x080022ce   Section        0  stm32g0xx_hal_adc.o(i.LL_ADC_SetSamplingTimeCommonChannels)
    LL_ADC_SetSamplingTimeCommonChannels     0x080022cf   Thumb Code    22  stm32g0xx_hal_adc.o(i.LL_ADC_SetSamplingTimeCommonChannels)
    i.MX_ADC1_Init                           0x080022e4   Section        0  adc.o(i.MX_ADC1_Init)
    i.MX_GPIO_Init                           0x08002358   Section        0  gpio.o(i.MX_GPIO_Init)
    i.MX_I2C1_Init                           0x08002400   Section        0  i2c.o(i.MX_I2C1_Init)
    i.MX_TIM14_Init                          0x08002458   Section        0  tim.o(i.MX_TIM14_Init)
    i.NMI_Handler                            0x08002490   Section        0  stm32g0xx_it.o(i.NMI_Handler)
    i.PendSV_Handler                         0x08002492   Section        0  stm32g0xx_it.o(i.PendSV_Handler)
    i.SHT40SendRecvData                      0x08002494   Section        0  i2c.o(i.SHT40SendRecvData)
    i.SN74HC595SendData                      0x08002528   Section        0  gpio.o(i.SN74HC595SendData)
    i.SVC_Handler                            0x0800257e   Section        0  stm32g0xx_it.o(i.SVC_Handler)
    i.ShowDigit                              0x08002580   Section        0  gpio.o(i.ShowDigit)
    i.SysTick_Handler                        0x08002654   Section        0  stm32g0xx_it.o(i.SysTick_Handler)
    i.SystemClock_Config                     0x0800265c   Section        0  main.o(i.SystemClock_Config)
    i.SystemInit                             0x080026c4   Section        0  system_stm32g0xx.o(i.SystemInit)
    i.TIM14_IRQHandler                       0x080026c8   Section        0  stm32g0xx_it.o(i.TIM14_IRQHandler)
    i.TIM_Base_SetConfig                     0x080026d8   Section        0  stm32g0xx_hal_tim.o(i.TIM_Base_SetConfig)
    i.UnitTest                               0x08002760   Section        0  app.o(i.UnitTest)
    i.UserDemo                               0x08002768   Section        0  app.o(i.UserDemo)
    i.__NVIC_SetPriority                     0x08002900   Section        0  stm32g0xx_hal_cortex.o(i.__NVIC_SetPriority)
    __NVIC_SetPriority                       0x08002901   Thumb Code    60  stm32g0xx_hal_cortex.o(i.__NVIC_SetPriority)
    i.main                                   0x08002944   Section        0  main.o(i.main)
    x$fpl$fadd                               0x0800296c   Section      140  faddsub.o(x$fpl$fadd)
    _fadd1                                   0x08002979   Thumb Code     0  faddsub.o(x$fpl$fadd)
    x$fpl$fmul                               0x080029f8   Section      176  fmul.o(x$fpl$fmul)
    x$fpl$fsub                               0x08002aa8   Section      208  faddsub.o(x$fpl$fsub)
    _fsub1                                   0x08002ab5   Thumb Code     0  faddsub.o(x$fpl$fsub)
    .constdata                               0x08002b78   Section       64  system_stm32g0xx.o(.constdata)
    x$fpl$usenofp                            0x08002b78   Section        0  usenofp.o(x$fpl$usenofp)
    .constdata                               0x08002bb8   Section       64  fdiv.o(.constdata)
    fdiv_tab                                 0x08002bb8   Data          64  fdiv.o(.constdata)
    .data                                    0x20000000   Section       10  gpio.o(.data)
    DIGIT_ARR                                0x20000000   Data          10  gpio.o(.data)
    .data                                    0x2000000c   Section       12  stm32g0xx_hal.o(.data)
    .data                                    0x20000018   Section        4  system_stm32g0xx.o(.data)
    .bss                                     0x2000001c   Section      100  adc.o(.bss)
    .bss                                     0x20000080   Section       84  i2c.o(.bss)
    .bss                                     0x200000d4   Section       76  tim.o(.bss)
    .bss                                     0x20000120   Section       10  app.o(.bss)
    .bss                                     0x2000012c   Section       96  libspace.o(.bss)
    HEAP                                     0x20000190   Section      512  startup_stm32g030xx.o(HEAP)
    Heap_Mem                                 0x20000190   Data         512  startup_stm32g030xx.o(HEAP)
    STACK                                    0x20000390   Section     1024  startup_stm32g030xx.o(STACK)
    Stack_Mem                                0x20000390   Data        1024  startup_stm32g030xx.o(STACK)
    __initial_sp                             0x20000790   Data           0  startup_stm32g030xx.o(STACK)

    Global Symbols

    Symbol Name                              Value     Ov Type        Size  Object(Section)

    BuildAttributes$$THM_ISAv3M$S$PE$A:L22$X:L11$S22$IEEE1$IW$USESV6$~STKCKD$USESV7$~SHL$OSPACE$ROPI$EBA8$UX$STANDARDLIB$REQ8$PRES8$EABIv2 0x00000000   Number         0  anon$$obj.o ABSOLUTE
    __ARM_use_no_argv                        0x00000000   Number         0  main.o ABSOLUTE
    __ARM_exceptions_init                     - Undefined Weak Reference
    __alloca_initialize                       - Undefined Weak Reference
    __arm_preinit_                            - Undefined Weak Reference
    __cpp_initialize__aeabi_                  - Undefined Weak Reference
    __cxa_finalize                            - Undefined Weak Reference
    __rt_locale                               - Undefined Weak Reference
    __sigvec_lookup                           - Undefined Weak Reference
    _atexit_init                              - Undefined Weak Reference
    _call_atexit_fns                          - Undefined Weak Reference
    _clock_init                               - Undefined Weak Reference
    _fp_trap_init                             - Undefined Weak Reference
    _fp_trap_shutdown                         - Undefined Weak Reference
    _get_lc_collate                           - Undefined Weak Reference
    _get_lc_ctype                             - Undefined Weak Reference
    _get_lc_monetary                          - Undefined Weak Reference
    _get_lc_numeric                           - Undefined Weak Reference
    _get_lc_time                              - Undefined Weak Reference
    _getenv_init                              - Undefined Weak Reference
    _handle_redirection                       - Undefined Weak Reference
    _init_alloc                               - Undefined Weak Reference
    _init_user_alloc                          - Undefined Weak Reference
    _initio                                   - Undefined Weak Reference
    _rand_init                                - Undefined Weak Reference
    _signal_finish                            - Undefined Weak Reference
    _signal_init                              - Undefined Weak Reference
    _terminate_alloc                          - Undefined Weak Reference
    _terminate_user_alloc                     - Undefined Weak Reference
    _terminateio                              - Undefined Weak Reference
    __Vectors_Size                           0x000000c0   Number         0  startup_stm32g030xx.o ABSOLUTE
    __Vectors                                0x08000000   Data           4  startup_stm32g030xx.o(RESET)
    __Vectors_End                            0x080000c0   Data           0  startup_stm32g030xx.o(RESET)
    __main                                   0x080000c1   Thumb Code     8  __main.o(!!!main)
    __scatterload                            0x080000c9   Thumb Code     0  __scatter.o(!!!scatter)
    __scatterload_rt2                        0x080000c9   Thumb Code    52  __scatter.o(!!!scatter)
    __scatterload_rt2_thumb_only             0x080000c9   Thumb Code     0  __scatter.o(!!!scatter)
    __scatterload_null                       0x080000d9   Thumb Code     0  __scatter.o(!!!scatter)
    __scatterload_copy                       0x08000105   Thumb Code    26  __scatter_copy.o(!!handler_copy)
    __scatterload_zeroinit                   0x08000121   Thumb Code    28  __scatter_zi.o(!!handler_zi)
    __rt_lib_init                            0x0800013d   Thumb Code     0  libinit.o(.ARM.Collect$$libinit$$00000000)
    __rt_lib_init_alloca_1                   0x0800013f   Thumb Code     0  libinit2.o(.ARM.Collect$$libinit$$0000002E)
    __rt_lib_init_argv_1                     0x0800013f   Thumb Code     0  libinit2.o(.ARM.Collect$$libinit$$0000002C)
    __rt_lib_init_atexit_1                   0x0800013f   Thumb Code     0  libinit2.o(.ARM.Collect$$libinit$$0000001B)
    __rt_lib_init_clock_1                    0x0800013f   Thumb Code     0  libinit2.o(.ARM.Collect$$libinit$$00000021)
    __rt_lib_init_cpp_1                      0x0800013f   Thumb Code     0  libinit2.o(.ARM.Collect$$libinit$$00000032)
    __rt_lib_init_exceptions_1               0x0800013f   Thumb Code     0  libinit2.o(.ARM.Collect$$libinit$$00000030)
    __rt_lib_init_fp_1                       0x0800013f   Thumb Code     0  libinit2.o(.ARM.Collect$$libinit$$00000002)
    __rt_lib_init_fp_trap_1                  0x0800013f   Thumb Code     0  libinit2.o(.ARM.Collect$$libinit$$0000001F)
    __rt_lib_init_getenv_1                   0x0800013f   Thumb Code     0  libinit2.o(.ARM.Collect$$libinit$$00000023)
    __rt_lib_init_heap_1                     0x0800013f   Thumb Code     0  libinit2.o(.ARM.Collect$$libinit$$0000000A)
    __rt_lib_init_lc_collate_1               0x0800013f   Thumb Code     0  libinit2.o(.ARM.Collect$$libinit$$00000011)
    __rt_lib_init_lc_ctype_1                 0x0800013f   Thumb Code     0  libinit2.o(.ARM.Collect$$libinit$$00000013)
    __rt_lib_init_lc_monetary_1              0x0800013f   Thumb Code     0  libinit2.o(.ARM.Collect$$libinit$$00000015)
    __rt_lib_init_lc_numeric_1               0x0800013f   Thumb Code     0  libinit2.o(.ARM.Collect$$libinit$$00000017)
    __rt_lib_init_lc_time_1                  0x0800013f   Thumb Code     0  libinit2.o(.ARM.Collect$$libinit$$00000019)
    __rt_lib_init_preinit_1                  0x0800013f   Thumb Code     0  libinit2.o(.ARM.Collect$$libinit$$00000004)
    __rt_lib_init_rand_1                     0x0800013f   Thumb Code     0  libinit2.o(.ARM.Collect$$libinit$$0000000E)
    __rt_lib_init_return                     0x0800013f   Thumb Code     0  libinit2.o(.ARM.Collect$$libinit$$00000033)
    __rt_lib_init_signal_1                   0x0800013f   Thumb Code     0  libinit2.o(.ARM.Collect$$libinit$$0000001D)
    __rt_lib_init_stdio_1                    0x0800013f   Thumb Code     0  libinit2.o(.ARM.Collect$$libinit$$00000025)
    __rt_lib_init_user_alloc_1               0x0800013f   Thumb Code     0  libinit2.o(.ARM.Collect$$libinit$$0000000C)
    __rt_lib_shutdown                        0x08000141   Thumb Code     0  libshutdown.o(.ARM.Collect$$libshutdown$$00000000)
    __rt_lib_shutdown_fp_trap_1              0x08000143   Thumb Code     0  libshutdown2.o(.ARM.Collect$$libshutdown$$00000006)
    __rt_lib_shutdown_heap_1                 0x08000143   Thumb Code     0  libshutdown2.o(.ARM.Collect$$libshutdown$$0000000E)
    __rt_lib_shutdown_return                 0x08000143   Thumb Code     0  libshutdown2.o(.ARM.Collect$$libshutdown$$0000000F)
    __rt_lib_shutdown_signal_1               0x08000143   Thumb Code     0  libshutdown2.o(.ARM.Collect$$libshutdown$$00000009)
    __rt_lib_shutdown_stdio_1                0x08000143   Thumb Code     0  libshutdown2.o(.ARM.Collect$$libshutdown$$00000003)
    __rt_lib_shutdown_user_alloc_1           0x08000143   Thumb Code     0  libshutdown2.o(.ARM.Collect$$libshutdown$$0000000B)
    __rt_entry                               0x08000145   Thumb Code     0  __rtentry.o(.ARM.Collect$$rtentry$$00000000)
    __rt_entry_presh_1                       0x08000145   Thumb Code     0  __rtentry2.o(.ARM.Collect$$rtentry$$00000002)
    __rt_entry_sh                            0x08000145   Thumb Code     0  __rtentry4.o(.ARM.Collect$$rtentry$$00000004)
    __rt_entry_li                            0x0800014b   Thumb Code     0  __rtentry2.o(.ARM.Collect$$rtentry$$0000000A)
    __rt_entry_postsh_1                      0x0800014b   Thumb Code     0  __rtentry2.o(.ARM.Collect$$rtentry$$00000009)
    __rt_entry_main                          0x0800014f   Thumb Code     0  __rtentry2.o(.ARM.Collect$$rtentry$$0000000D)
    __rt_entry_postli_1                      0x0800014f   Thumb Code     0  __rtentry2.o(.ARM.Collect$$rtentry$$0000000C)
    __rt_exit                                0x08000157   Thumb Code     0  rtexit.o(.ARM.Collect$$rtexit$$00000000)
    __rt_exit_ls                             0x08000159   Thumb Code     0  rtexit2.o(.ARM.Collect$$rtexit$$00000003)
    __rt_exit_prels_1                        0x08000159   Thumb Code     0  rtexit2.o(.ARM.Collect$$rtexit$$00000002)
    __rt_exit_exit                           0x0800015d   Thumb Code     0  rtexit2.o(.ARM.Collect$$rtexit$$00000004)
    SysCtlDelay                              0x08000165   Thumb Code     6  gpio.o(.emb_text)
    Reset_Handler                            0x0800016d   Thumb Code     8  startup_stm32g030xx.o(.text)
    ADC1_IRQHandler                          0x0800017f   Thumb Code     0  startup_stm32g030xx.o(.text)
    DMA1_Ch4_5_DMAMUX1_OVR_IRQHandler        0x0800017f   Thumb Code     0  startup_stm32g030xx.o(.text)
    DMA1_Channel1_IRQHandler                 0x0800017f   Thumb Code     0  startup_stm32g030xx.o(.text)
    DMA1_Channel2_3_IRQHandler               0x0800017f   Thumb Code     0  startup_stm32g030xx.o(.text)
    EXTI0_1_IRQHandler                       0x0800017f   Thumb Code     0  startup_stm32g030xx.o(.text)
    EXTI2_3_IRQHandler                       0x0800017f   Thumb Code     0  startup_stm32g030xx.o(.text)
    FLASH_IRQHandler                         0x0800017f   Thumb Code     0  startup_stm32g030xx.o(.text)
    I2C1_IRQHandler                          0x0800017f   Thumb Code     0  startup_stm32g030xx.o(.text)
    I2C2_IRQHandler                          0x0800017f   Thumb Code     0  startup_stm32g030xx.o(.text)
    RCC_IRQHandler                           0x0800017f   Thumb Code     0  startup_stm32g030xx.o(.text)
    RTC_TAMP_IRQHandler                      0x0800017f   Thumb Code     0  startup_stm32g030xx.o(.text)
    SPI1_IRQHandler                          0x0800017f   Thumb Code     0  startup_stm32g030xx.o(.text)
    SPI2_IRQHandler                          0x0800017f   Thumb Code     0  startup_stm32g030xx.o(.text)
    TIM16_IRQHandler                         0x0800017f   Thumb Code     0  startup_stm32g030xx.o(.text)
    TIM17_IRQHandler                         0x0800017f   Thumb Code     0  startup_stm32g030xx.o(.text)
    TIM1_BRK_UP_TRG_COM_IRQHandler           0x0800017f   Thumb Code     0  startup_stm32g030xx.o(.text)
    TIM1_CC_IRQHandler                       0x0800017f   Thumb Code     0  startup_stm32g030xx.o(.text)
    TIM3_IRQHandler                          0x0800017f   Thumb Code     0  startup_stm32g030xx.o(.text)
    USART1_IRQHandler                        0x0800017f   Thumb Code     0  startup_stm32g030xx.o(.text)
    USART2_IRQHandler                        0x0800017f   Thumb Code     0  startup_stm32g030xx.o(.text)
    WWDG_IRQHandler                          0x0800017f   Thumb Code     0  startup_stm32g030xx.o(.text)
    __user_initial_stackheap                 0x08000181   Thumb Code     0  startup_stm32g030xx.o(.text)
    _memset_w                                0x080001a5   Thumb Code    26  rt_memclr.o(.text)
    _memset                                  0x080001bf   Thumb Code    30  rt_memclr.o(.text)
    __aeabi_memclr                           0x080001dd   Thumb Code     4  rt_memclr.o(.text)
    __rt_memclr                              0x080001dd   Thumb Code     0  rt_memclr.o(.text)
    __aeabi_memclr4                          0x080001e1   Thumb Code     0  rt_memclr.o(.text)
    __aeabi_memclr8                          0x080001e1   Thumb Code     0  rt_memclr.o(.text)
    __rt_memclr_w                            0x080001e1   Thumb Code     4  rt_memclr.o(.text)
    __aeabi_uidiv                            0x080001e5   Thumb Code     0  aeabi_sdiv.o(.text)
    __aeabi_uidivmod                         0x080001e5   Thumb Code    20  aeabi_sdiv.o(.text)
    __aeabi_idiv                             0x080001f9   Thumb Code     0  aeabi_sdiv.o(.text)
    __aeabi_idivmod                          0x080001f9   Thumb Code   326  aeabi_sdiv.o(.text)
    __use_two_region_memory                  0x0800033f   Thumb Code     2  heapauxi.o(.text)
    __rt_heap_escrow$2region                 0x08000341   Thumb Code     2  heapauxi.o(.text)
    __rt_heap_expand$2region                 0x08000343   Thumb Code     2  heapauxi.o(.text)
    __aeabi_fdiv                             0x08000345   Thumb Code     0  fdiv.o(.text)
    _fdiv                                    0x08000345   Thumb Code   334  fdiv.o(.text)
    _frdiv                                   0x08000493   Thumb Code     8  fdiv.o(.text)
    __aeabi_f2uiz                            0x080004a5   Thumb Code     0  ffixui.o(.text)
    _ffixu                                   0x080004a5   Thumb Code    48  ffixui.o(.text)
    __aeabi_i2f_normalise                    0x080004d5   Thumb Code    72  fflti.o(.text)
    __aeabi_i2f                              0x0800051d   Thumb Code    16  fflti.o(.text)
    _fflt                                    0x0800051d   Thumb Code     0  fflti.o(.text)
    __aeabi_ui2f                             0x0800052d   Thumb Code     6  fflti.o(.text)
    _ffltu                                   0x0800052d   Thumb Code     0  fflti.o(.text)
    __ARM_scalbnf                            0x08000535   Thumb Code    64  fscalbn.o(.text)
    __user_setup_stackheap                   0x08000579   Thumb Code    62  sys_stackheap_outer.o(.text)
    exit                                     0x080005b7   Thumb Code    12  exit.o(.text)
    __user_libspace                          0x080005c5   Thumb Code     8  libspace.o(.text)
    __user_perproc_libspace                  0x080005c5   Thumb Code     0  libspace.o(.text)
    __user_perthread_libspace                0x080005c5   Thumb Code     0  libspace.o(.text)
    _sys_exit                                0x080005cd   Thumb Code     8  sys_exit.o(.text)
    __I$use$semihosting                      0x080005d9   Thumb Code     0  use_no_semi.o(.text)
    __use_no_semihosting_swi                 0x080005d9   Thumb Code     2  use_no_semi.o(.text)
    __semihosting_library_function           0x080005db   Thumb Code     0  indicate_semi.o(.text)
    ADC_ConversionStop                       0x080005dd   Thumb Code    92  stm32g0xx_hal_adc.o(i.ADC_ConversionStop)
    ADC_Disable                              0x0800063d   Thumb Code   110  stm32g0xx_hal_adc.o(i.ADC_Disable)
    ADC_Enable                               0x080006b1   Thumb Code   162  stm32g0xx_hal_adc.o(i.ADC_Enable)
    EXTI4_15_IRQHandler                      0x08000765   Thumb Code    10  stm32g0xx_it.o(i.EXTI4_15_IRQHandler)
    Error_Handler                            0x0800076f   Thumb Code     4  main.o(i.Error_Handler)
    GetBatteryLevel                          0x08000775   Thumb Code    50  adc.o(i.GetBatteryLevel)
    HAL_ADC_ConfigChannel                    0x080007b5   Thumb Code   522  stm32g0xx_hal_adc.o(i.HAL_ADC_ConfigChannel)
    HAL_ADC_GetValue                         0x080009d9   Thumb Code     6  stm32g0xx_hal_adc.o(i.HAL_ADC_GetValue)
    HAL_ADC_Init                             0x080009e1   Thumb Code   510  stm32g0xx_hal_adc.o(i.HAL_ADC_Init)
    HAL_ADC_MspInit                          0x08000bfd   Thumb Code    80  adc.o(i.HAL_ADC_MspInit)
    HAL_ADC_PollForConversion                0x08000c59   Thumb Code   196  stm32g0xx_hal_adc.o(i.HAL_ADC_PollForConversion)
    HAL_ADC_Start                            0x08000d1d   Thumb Code    94  stm32g0xx_hal_adc.o(i.HAL_ADC_Start)
    HAL_ADC_Stop                             0x08000d85   Thumb Code    62  stm32g0xx_hal_adc.o(i.HAL_ADC_Stop)
    HAL_Delay                                0x08000dc5   Thumb Code    32  stm32g0xx_hal.o(i.HAL_Delay)
    HAL_GPIO_EXTI_Falling_Callback           0x08000de9   Thumb Code    72  gpio.o(i.HAL_GPIO_EXTI_Falling_Callback)
    HAL_GPIO_EXTI_IRQHandler                 0x08000e41   Thumb Code    36  stm32g0xx_hal_gpio.o(i.HAL_GPIO_EXTI_IRQHandler)
    HAL_GPIO_EXTI_Rising_Callback            0x08000e69   Thumb Code     2  stm32g0xx_hal_gpio.o(i.HAL_GPIO_EXTI_Rising_Callback)
    HAL_GPIO_Init                            0x08000e6d   Thumb Code   330  stm32g0xx_hal_gpio.o(i.HAL_GPIO_Init)
    HAL_GPIO_ReadPin                         0x08000fc9   Thumb Code    10  stm32g0xx_hal_gpio.o(i.HAL_GPIO_ReadPin)
    HAL_GPIO_WritePin                        0x08000fd3   Thumb Code    12  stm32g0xx_hal_gpio.o(i.HAL_GPIO_WritePin)
    HAL_GetTick                              0x08000fe1   Thumb Code     6  stm32g0xx_hal.o(i.HAL_GetTick)
    HAL_I2CEx_ConfigAnalogFilter             0x08000fed   Thumb Code    74  stm32g0xx_hal_i2c_ex.o(i.HAL_I2CEx_ConfigAnalogFilter)
    HAL_I2CEx_ConfigDigitalFilter            0x08001037   Thumb Code    72  stm32g0xx_hal_i2c_ex.o(i.HAL_I2CEx_ConfigDigitalFilter)
    HAL_I2C_Init                             0x08001081   Thumb Code   182  stm32g0xx_hal_i2c.o(i.HAL_I2C_Init)
    HAL_I2C_Master_Receive                   0x0800113d   Thumb Code   262  stm32g0xx_hal_i2c.o(i.HAL_I2C_Master_Receive)
    HAL_I2C_Master_Transmit                  0x0800124d   Thumb Code   304  stm32g0xx_hal_i2c.o(i.HAL_I2C_Master_Transmit)
    HAL_I2C_MspInit                          0x08001385   Thumb Code   114  i2c.o(i.HAL_I2C_MspInit)
    HAL_IncTick                              0x08001405   Thumb Code    12  stm32g0xx_hal.o(i.HAL_IncTick)
    HAL_Init                                 0x08001415   Thumb Code    36  stm32g0xx_hal.o(i.HAL_Init)
    HAL_InitTick                             0x0800143d   Thumb Code    64  stm32g0xx_hal.o(i.HAL_InitTick)
    HAL_MspInit                              0x08001485   Thumb Code    38  stm32g0xx_hal_msp.o(i.HAL_MspInit)
    HAL_NVIC_EnableIRQ                       0x080014b1   Thumb Code    18  stm32g0xx_hal_cortex.o(i.HAL_NVIC_EnableIRQ)
    HAL_NVIC_SetPriority                     0x080014c9   Thumb Code     8  stm32g0xx_hal_cortex.o(i.HAL_NVIC_SetPriority)
    HAL_PWREx_ControlVoltageScaling          0x080014d1   Thumb Code    62  stm32g0xx_hal_pwr_ex.o(i.HAL_PWREx_ControlVoltageScaling)
    HAL_PWREx_DisableLowPowerRunMode         0x0800151d   Thumb Code    50  stm32g0xx_hal_pwr_ex.o(i.HAL_PWREx_DisableLowPowerRunMode)
    HAL_PWREx_EnableLowPowerRunMode          0x0800155d   Thumb Code    12  stm32g0xx_hal_pwr_ex.o(i.HAL_PWREx_EnableLowPowerRunMode)
    HAL_PWR_EnterSLEEPMode                   0x0800156d   Thumb Code    60  stm32g0xx_hal_pwr.o(i.HAL_PWR_EnterSLEEPMode)
    HAL_RCCEx_PeriphCLKConfig                0x080015b1   Thumb Code   320  stm32g0xx_hal_rcc_ex.o(i.HAL_RCCEx_PeriphCLKConfig)
    HAL_RCC_ClockConfig                      0x080016fd   Thumb Code   318  stm32g0xx_hal_rcc.o(i.HAL_RCC_ClockConfig)
    HAL_RCC_GetSysClockFreq                  0x08001855   Thumb Code   130  stm32g0xx_hal_rcc.o(i.HAL_RCC_GetSysClockFreq)
    HAL_RCC_OscConfig                        0x080018e1   Thumb Code   946  stm32g0xx_hal_rcc.o(i.HAL_RCC_OscConfig)
    HAL_ResumeTick                           0x08001cb9   Thumb Code    12  stm32g0xx_hal.o(i.HAL_ResumeTick)
    HAL_SYSTICK_Config                       0x08001cc9   Thumb Code    38  stm32g0xx_hal_cortex.o(i.HAL_SYSTICK_Config)
    HAL_SuspendTick                          0x08001cf9   Thumb Code    12  stm32g0xx_hal.o(i.HAL_SuspendTick)
    HAL_TIMEx_Break2Callback                 0x08001d09   Thumb Code     2  stm32g0xx_hal_tim_ex.o(i.HAL_TIMEx_Break2Callback)
    HAL_TIMEx_BreakCallback                  0x08001d0b   Thumb Code     2  stm32g0xx_hal_tim_ex.o(i.HAL_TIMEx_BreakCallback)
    HAL_TIMEx_CommutCallback                 0x08001d0d   Thumb Code     2  stm32g0xx_hal_tim_ex.o(i.HAL_TIMEx_CommutCallback)
    HAL_TIM_Base_Init                        0x08001d0f   Thumb Code    76  stm32g0xx_hal_tim.o(i.HAL_TIM_Base_Init)
    HAL_TIM_Base_MspInit                     0x08001d5d   Thumb Code    44  tim.o(i.HAL_TIM_Base_MspInit)
    HAL_TIM_Base_Start_IT                    0x08001d91   Thumb Code    68  stm32g0xx_hal_tim.o(i.HAL_TIM_Base_Start_IT)
    HAL_TIM_Base_Stop_IT                     0x08001de1   Thumb Code    46  stm32g0xx_hal_tim.o(i.HAL_TIM_Base_Stop_IT)
    HAL_TIM_IC_CaptureCallback               0x08001e15   Thumb Code     2  stm32g0xx_hal_tim.o(i.HAL_TIM_IC_CaptureCallback)
    HAL_TIM_IRQHandler                       0x08001e19   Thumb Code   318  stm32g0xx_hal_tim.o(i.HAL_TIM_IRQHandler)
    HAL_TIM_OC_DelayElapsedCallback          0x08001f61   Thumb Code     2  stm32g0xx_hal_tim.o(i.HAL_TIM_OC_DelayElapsedCallback)
    HAL_TIM_PWM_PulseFinishedCallback        0x08001f63   Thumb Code     2  stm32g0xx_hal_tim.o(i.HAL_TIM_PWM_PulseFinishedCallback)
    HAL_TIM_PeriodElapsedCallback            0x08001f65   Thumb Code    22  tim.o(i.HAL_TIM_PeriodElapsedCallback)
    HAL_TIM_TriggerCallback                  0x08001f85   Thumb Code     2  stm32g0xx_hal_tim.o(i.HAL_TIM_TriggerCallback)
    HardFault_Handler                        0x08001f87   Thumb Code     2  stm32g0xx_it.o(i.HardFault_Handler)
    MX_ADC1_Init                             0x080022e5   Thumb Code   102  adc.o(i.MX_ADC1_Init)
    MX_GPIO_Init                             0x08002359   Thumb Code   156  gpio.o(i.MX_GPIO_Init)
    MX_I2C1_Init                             0x08002401   Thumb Code    76  i2c.o(i.MX_I2C1_Init)
    MX_TIM14_Init                            0x08002459   Thumb Code    38  tim.o(i.MX_TIM14_Init)
    NMI_Handler                              0x08002491   Thumb Code     2  stm32g0xx_it.o(i.NMI_Handler)
    PendSV_Handler                           0x08002493   Thumb Code     2  stm32g0xx_it.o(i.PendSV_Handler)
    SHT40SendRecvData                        0x08002495   Thumb Code   124  i2c.o(i.SHT40SendRecvData)
    SN74HC595SendData                        0x08002529   Thumb Code    86  gpio.o(i.SN74HC595SendData)
    SVC_Handler                              0x0800257f   Thumb Code     2  stm32g0xx_it.o(i.SVC_Handler)
    ShowDigit                                0x08002581   Thumb Code   198  gpio.o(i.ShowDigit)
    SysTick_Handler                          0x08002655   Thumb Code     8  stm32g0xx_it.o(i.SysTick_Handler)
    SystemClock_Config                       0x0800265d   Thumb Code   104  main.o(i.SystemClock_Config)
    SystemInit                               0x080026c5   Thumb Code     2  system_stm32g0xx.o(i.SystemInit)
    TIM14_IRQHandler                         0x080026c9   Thumb Code    10  stm32g0xx_it.o(i.TIM14_IRQHandler)
    TIM_Base_SetConfig                       0x080026d9   Thumb Code   114  stm32g0xx_hal_tim.o(i.TIM_Base_SetConfig)
    UnitTest                                 0x08002761   Thumb Code     8  app.o(i.UnitTest)
    UserDemo                                 0x08002769   Thumb Code   392  app.o(i.UserDemo)
    main                                     0x08002945   Thumb Code    36  main.o(i.main)
    __aeabi_fadd                             0x0800296d   Thumb Code     0  faddsub.o(x$fpl$fadd)
    _fadd                                    0x0800296d   Thumb Code   134  faddsub.o(x$fpl$fadd)
    __aeabi_fmul                             0x080029f9   Thumb Code     0  fmul.o(x$fpl$fmul)
    _fmul                                    0x080029f9   Thumb Code   172  fmul.o(x$fpl$fmul)
    __aeabi_fsub                             0x08002aa9   Thumb Code     0  faddsub.o(x$fpl$fsub)
    _fsub                                    0x08002aa9   Thumb Code   204  faddsub.o(x$fpl$fsub)
    AHBPrescTable                            0x08002b78   Data          64  system_stm32g0xx.o(.constdata)
    __I$use$fp                               0x08002b78   Number         0  usenofp.o(x$fpl$usenofp)
    Region$$Table$$Base                      0x08002bf8   Number         0  anon$$obj.o(Region$$Table)
    Region$$Table$$Limit                     0x08002c18   Number         0  anon$$obj.o(Region$$Table)
    uwTickFreq                               0x2000000c   Data           1  stm32g0xx_hal.o(.data)
    uwTickPrio                               0x20000010   Data           4  stm32g0xx_hal.o(.data)
    uwTick                                   0x20000014   Data           4  stm32g0xx_hal.o(.data)
    SystemCoreClock                          0x20000018   Data           4  system_stm32g0xx.o(.data)
    hadc1                                    0x2000001c   Data         100  adc.o(.bss)
    hi2c1                                    0x20000080   Data          84  i2c.o(.bss)
    htim14                                   0x200000d4   Data          76  tim.o(.bss)
    exist                                    0x20000120   Data          10  app.o(.bss)
    __libspace_start                         0x2000012c   Data          96  libspace.o(.bss)
    __temporary_stack_top$libspace           0x2000018c   Data           0  libspace.o(.bss)



==============================================================================

Memory Map of the image

  Image Entry point : 0x080000c1

  Load Region LR_IROM1 (Base: 0x08000000, Size: 0x00002c34, Max: 0x00008000, ABSOLUTE)

    Execution Region ER_IROM1 (Base: 0x08000000, Size: 0x00002c18, Max: 0x00008000, ABSOLUTE)

    Base Addr    Size         Type   Attr      Idx    E Section Name        Object

    0x08000000   0x000000c0   Data   RO            3    RESET               startup_stm32g030xx.o
    0x080000c0   0x00000008   Code   RO         3499  * !!!main             c_p.l(__main.o)
    0x080000c8   0x0000003c   Code   RO         3685    !!!scatter          c_p.l(__scatter.o)
    0x08000104   0x0000001a   Code   RO         3687    !!handler_copy      c_p.l(__scatter_copy.o)
    0x0800011e   0x00000002   PAD
    0x08000120   0x0000001c   Code   RO         3689    !!handler_zi        c_p.l(__scatter_zi.o)
    0x0800013c   0x00000002   Code   RO         3555    .ARM.Collect$$libinit$$00000000  c_p.l(libinit.o)
    0x0800013e   0x00000000   Code   RO         3569    .ARM.Collect$$libinit$$00000002  c_p.l(libinit2.o)
    0x0800013e   0x00000000   Code   RO         3571    .ARM.Collect$$libinit$$00000004  c_p.l(libinit2.o)
    0x0800013e   0x00000000   Code   RO         3574    .ARM.Collect$$libinit$$0000000A  c_p.l(libinit2.o)
    0x0800013e   0x00000000   Code   RO         3576    .ARM.Collect$$libinit$$0000000C  c_p.l(libinit2.o)
    0x0800013e   0x00000000   Code   RO         3578    .ARM.Collect$$libinit$$0000000E  c_p.l(libinit2.o)
    0x0800013e   0x00000000   Code   RO         3581    .ARM.Collect$$libinit$$00000011  c_p.l(libinit2.o)
    0x0800013e   0x00000000   Code   RO         3583    .ARM.Collect$$libinit$$00000013  c_p.l(libinit2.o)
    0x0800013e   0x00000000   Code   RO         3585    .ARM.Collect$$libinit$$00000015  c_p.l(libinit2.o)
    0x0800013e   0x00000000   Code   RO         3587    .ARM.Collect$$libinit$$00000017  c_p.l(libinit2.o)
    0x0800013e   0x00000000   Code   RO         3589    .ARM.Collect$$libinit$$00000019  c_p.l(libinit2.o)
    0x0800013e   0x00000000   Code   RO         3591    .ARM.Collect$$libinit$$0000001B  c_p.l(libinit2.o)
    0x0800013e   0x00000000   Code   RO         3593    .ARM.Collect$$libinit$$0000001D  c_p.l(libinit2.o)
    0x0800013e   0x00000000   Code   RO         3595    .ARM.Collect$$libinit$$0000001F  c_p.l(libinit2.o)
    0x0800013e   0x00000000   Code   RO         3597    .ARM.Collect$$libinit$$00000021  c_p.l(libinit2.o)
    0x0800013e   0x00000000   Code   RO         3599    .ARM.Collect$$libinit$$00000023  c_p.l(libinit2.o)
    0x0800013e   0x00000000   Code   RO         3601    .ARM.Collect$$libinit$$00000025  c_p.l(libinit2.o)
    0x0800013e   0x00000000   Code   RO         3605    .ARM.Collect$$libinit$$0000002C  c_p.l(libinit2.o)
    0x0800013e   0x00000000   Code   RO         3607    .ARM.Collect$$libinit$$0000002E  c_p.l(libinit2.o)
    0x0800013e   0x00000000   Code   RO         3609    .ARM.Collect$$libinit$$00000030  c_p.l(libinit2.o)
    0x0800013e   0x00000000   Code   RO         3611    .ARM.Collect$$libinit$$00000032  c_p.l(libinit2.o)
    0x0800013e   0x00000002   Code   RO         3612    .ARM.Collect$$libinit$$00000033  c_p.l(libinit2.o)
    0x08000140   0x00000002   Code   RO         3643    .ARM.Collect$$libshutdown$$00000000  c_p.l(libshutdown.o)
    0x08000142   0x00000000   Code   RO         3670    .ARM.Collect$$libshutdown$$00000003  c_p.l(libshutdown2.o)
    0x08000142   0x00000000   Code   RO         3673    .ARM.Collect$$libshutdown$$00000006  c_p.l(libshutdown2.o)
    0x08000142   0x00000000   Code   RO         3676    .ARM.Collect$$libshutdown$$00000009  c_p.l(libshutdown2.o)
    0x08000142   0x00000000   Code   RO         3678    .ARM.Collect$$libshutdown$$0000000B  c_p.l(libshutdown2.o)
    0x08000142   0x00000000   Code   RO         3681    .ARM.Collect$$libshutdown$$0000000E  c_p.l(libshutdown2.o)
    0x08000142   0x00000002   Code   RO         3682    .ARM.Collect$$libshutdown$$0000000F  c_p.l(libshutdown2.o)
    0x08000144   0x00000000   Code   RO         3518    .ARM.Collect$$rtentry$$00000000  c_p.l(__rtentry.o)
    0x08000144   0x00000000   Code   RO         3525    .ARM.Collect$$rtentry$$00000002  c_p.l(__rtentry2.o)
    0x08000144   0x00000006   Code   RO         3537    .ARM.Collect$$rtentry$$00000004  c_p.l(__rtentry4.o)
    0x0800014a   0x00000000   Code   RO         3527    .ARM.Collect$$rtentry$$00000009  c_p.l(__rtentry2.o)
    0x0800014a   0x00000004   Code   RO         3528    .ARM.Collect$$rtentry$$0000000A  c_p.l(__rtentry2.o)
    0x0800014e   0x00000000   Code   RO         3530    .ARM.Collect$$rtentry$$0000000C  c_p.l(__rtentry2.o)
    0x0800014e   0x00000008   Code   RO         3531    .ARM.Collect$$rtentry$$0000000D  c_p.l(__rtentry2.o)
    0x08000156   0x00000002   Code   RO         3560    .ARM.Collect$$rtexit$$00000000  c_p.l(rtexit.o)
    0x08000158   0x00000000   Code   RO         3616    .ARM.Collect$$rtexit$$00000002  c_p.l(rtexit2.o)
    0x08000158   0x00000004   Code   RO         3617    .ARM.Collect$$rtexit$$00000003  c_p.l(rtexit2.o)
    0x0800015c   0x00000006   Code   RO         3618    .ARM.Collect$$rtexit$$00000004  c_p.l(rtexit2.o)
    0x08000162   0x00000002   PAD
    0x08000164   0x00000006   Code   RO          178    .emb_text           gpio.o
    0x0800016a   0x00000002   PAD
    0x0800016c   0x00000038   Code   RO            4    .text               startup_stm32g030xx.o
    0x080001a4   0x00000040   Code   RO         3491    .text               c_p.l(rt_memclr.o)
    0x080001e4   0x0000015a   Code   RO         3493    .text               c_p.l(aeabi_sdiv.o)
    0x0800033e   0x00000006   Code   RO         3497    .text               c_p.l(heapauxi.o)
    0x08000344   0x00000160   Code   RO         3507    .text               fz_ps.l(fdiv.o)
    0x080004a4   0x00000030   Code   RO         3510    .text               fz_ps.l(ffixui.o)
    0x080004d4   0x0000005e   Code   RO         3512    .text               fz_ps.l(fflti.o)
    0x08000532   0x00000002   PAD
    0x08000534   0x00000044   Code   RO         3516    .text               fz_ps.l(fscalbn.o)
    0x08000578   0x0000003e   Code   RO         3541    .text               c_p.l(sys_stackheap_outer.o)
    0x080005b6   0x0000000c   Code   RO         3544    .text               c_p.l(exit.o)
    0x080005c2   0x00000002   PAD
    0x080005c4   0x00000008   Code   RO         3556    .text               c_p.l(libspace.o)
    0x080005cc   0x0000000c   Code   RO         3613    .text               c_p.l(sys_exit.o)
    0x080005d8   0x00000002   Code   RO         3632    .text               c_p.l(use_no_semi.o)
    0x080005da   0x00000000   Code   RO         3634    .text               c_p.l(indicate_semi.o)
    0x080005da   0x00000002   PAD
    0x080005dc   0x00000060   Code   RO          434    i.ADC_ConversionStop  stm32g0xx_hal_adc.o
    0x0800063c   0x00000074   Code   RO          438    i.ADC_Disable       stm32g0xx_hal_adc.o
    0x080006b0   0x000000b4   Code   RO          439    i.ADC_Enable        stm32g0xx_hal_adc.o
    0x08000764   0x0000000a   Code   RO          354    i.EXTI4_15_IRQHandler  stm32g0xx_it.o
    0x0800076e   0x00000004   Code   RO           12    i.Error_Handler     main.o
    0x08000772   0x00000002   PAD
    0x08000774   0x00000040   Code   RO          222    i.GetBatteryLevel   adc.o
    0x080007b4   0x00000224   Code   RO          441    i.HAL_ADC_ConfigChannel  stm32g0xx_hal_adc.o
    0x080009d8   0x00000006   Code   RO          448    i.HAL_ADC_GetValue  stm32g0xx_hal_adc.o
    0x080009de   0x00000002   PAD
    0x080009e0   0x0000021c   Code   RO          450    i.HAL_ADC_Init      stm32g0xx_hal_adc.o
    0x08000bfc   0x0000005c   Code   RO          224    i.HAL_ADC_MspInit   adc.o
    0x08000c58   0x000000c4   Code   RO          454    i.HAL_ADC_PollForConversion  stm32g0xx_hal_adc.o
    0x08000d1c   0x00000068   Code   RO          456    i.HAL_ADC_Start     stm32g0xx_hal_adc.o
    0x08000d84   0x0000003e   Code   RO          459    i.HAL_ADC_Stop      stm32g0xx_hal_adc.o
    0x08000dc2   0x00000002   PAD
    0x08000dc4   0x00000024   Code   RO         1609    i.HAL_Delay         stm32g0xx_hal.o
    0x08000de8   0x00000058   Code   RO          179    i.HAL_GPIO_EXTI_Falling_Callback  gpio.o
    0x08000e40   0x00000028   Code   RO         1068    i.HAL_GPIO_EXTI_IRQHandler  stm32g0xx_hal_gpio.o
    0x08000e68   0x00000002   Code   RO         1069    i.HAL_GPIO_EXTI_Rising_Callback  stm32g0xx_hal_gpio.o
    0x08000e6a   0x00000002   PAD
    0x08000e6c   0x0000015c   Code   RO         1070    i.HAL_GPIO_Init     stm32g0xx_hal_gpio.o
    0x08000fc8   0x0000000a   Code   RO         1072    i.HAL_GPIO_ReadPin  stm32g0xx_hal_gpio.o
    0x08000fd2   0x0000000c   Code   RO         1074    i.HAL_GPIO_WritePin  stm32g0xx_hal_gpio.o
    0x08000fde   0x00000002   PAD
    0x08000fe0   0x0000000c   Code   RO         1613    i.HAL_GetTick       stm32g0xx_hal.o
    0x08000fec   0x0000004a   Code   RO         2334    i.HAL_I2CEx_ConfigAnalogFilter  stm32g0xx_hal_i2c_ex.o
    0x08001036   0x00000048   Code   RO         2335    i.HAL_I2CEx_ConfigDigitalFilter  stm32g0xx_hal_i2c_ex.o
    0x0800107e   0x00000002   PAD
    0x08001080   0x000000bc   Code   RO         1877    i.HAL_I2C_Init      stm32g0xx_hal_i2c.o
    0x0800113c   0x00000110   Code   RO         1883    i.HAL_I2C_Master_Receive  stm32g0xx_hal_i2c.o
    0x0800124c   0x00000138   Code   RO         1890    i.HAL_I2C_Master_Transmit  stm32g0xx_hal_i2c.o
    0x08001384   0x00000080   Code   RO          267    i.HAL_I2C_MspInit   i2c.o
    0x08001404   0x00000010   Code   RO         1619    i.HAL_IncTick       stm32g0xx_hal.o
    0x08001414   0x00000028   Code   RO         1620    i.HAL_Init          stm32g0xx_hal.o
    0x0800143c   0x00000048   Code   RO         1621    i.HAL_InitTick      stm32g0xx_hal.o
    0x08001484   0x0000002c   Code   RO          414    i.HAL_MspInit       stm32g0xx_hal_msp.o
    0x080014b0   0x00000018   Code   RO         1487    i.HAL_NVIC_EnableIRQ  stm32g0xx_hal_cortex.o
    0x080014c8   0x00000008   Code   RO         1491    i.HAL_NVIC_SetPriority  stm32g0xx_hal_cortex.o
    0x080014d0   0x0000004c   Code   RO         1370    i.HAL_PWREx_ControlVoltageScaling  stm32g0xx_hal_pwr_ex.o
    0x0800151c   0x00000040   Code   RO         1376    i.HAL_PWREx_DisableLowPowerRunMode  stm32g0xx_hal_pwr_ex.o
    0x0800155c   0x00000010   Code   RO         1383    i.HAL_PWREx_EnableLowPowerRunMode  stm32g0xx_hal_pwr_ex.o
    0x0800156c   0x00000044   Code   RO         1293    i.HAL_PWR_EnterSLEEPMode  stm32g0xx_hal_pwr.o
    0x080015b0   0x0000014c   Code   RO          836    i.HAL_RCCEx_PeriphCLKConfig  stm32g0xx_hal_rcc_ex.o
    0x080016fc   0x00000158   Code   RO          720    i.HAL_RCC_ClockConfig  stm32g0xx_hal_rcc.o
    0x08001854   0x0000008c   Code   RO          730    i.HAL_RCC_GetSysClockFreq  stm32g0xx_hal_rcc.o
    0x080018e0   0x000003d8   Code   RO          734    i.HAL_RCC_OscConfig  stm32g0xx_hal_rcc.o
    0x08001cb8   0x00000010   Code   RO         1624    i.HAL_ResumeTick    stm32g0xx_hal.o
    0x08001cc8   0x00000030   Code   RO         1495    i.HAL_SYSTICK_Config  stm32g0xx_hal_cortex.o
    0x08001cf8   0x00000010   Code   RO         1632    i.HAL_SuspendTick   stm32g0xx_hal.o
    0x08001d08   0x00000002   Code   RO         3096    i.HAL_TIMEx_Break2Callback  stm32g0xx_hal_tim_ex.o
    0x08001d0a   0x00000002   Code   RO         3097    i.HAL_TIMEx_BreakCallback  stm32g0xx_hal_tim_ex.o
    0x08001d0c   0x00000002   Code   RO         3098    i.HAL_TIMEx_CommutCallback  stm32g0xx_hal_tim_ex.o
    0x08001d0e   0x0000004c   Code   RO         2386    i.HAL_TIM_Base_Init  stm32g0xx_hal_tim.o
    0x08001d5a   0x00000002   PAD
    0x08001d5c   0x00000034   Code   RO          311    i.HAL_TIM_Base_MspInit  tim.o
    0x08001d90   0x00000050   Code   RO         2391    i.HAL_TIM_Base_Start_IT  stm32g0xx_hal_tim.o
    0x08001de0   0x00000034   Code   RO         2394    i.HAL_TIM_Base_Stop_IT  stm32g0xx_hal_tim.o
    0x08001e14   0x00000002   Code   RO         2420    i.HAL_TIM_IC_CaptureCallback  stm32g0xx_hal_tim.o
    0x08001e16   0x00000002   PAD
    0x08001e18   0x00000148   Code   RO         2434    i.HAL_TIM_IRQHandler  stm32g0xx_hal_tim.o
    0x08001f60   0x00000002   Code   RO         2437    i.HAL_TIM_OC_DelayElapsedCallback  stm32g0xx_hal_tim.o
    0x08001f62   0x00000002   Code   RO         2464    i.HAL_TIM_PWM_PulseFinishedCallback  stm32g0xx_hal_tim.o
    0x08001f64   0x00000020   Code   RO          312    i.HAL_TIM_PeriodElapsedCallback  tim.o
    0x08001f84   0x00000002   Code   RO         2477    i.HAL_TIM_TriggerCallback  stm32g0xx_hal_tim.o
    0x08001f86   0x00000002   Code   RO          355    i.HardFault_Handler  stm32g0xx_it.o
    0x08001f88   0x00000022   Code   RO         1924    i.I2C_Flush_TXDR    stm32g0xx_hal_i2c.o
    0x08001faa   0x00000002   PAD
    0x08001fac   0x00000108   Code   RO         1932    i.I2C_IsErrorOccurred  stm32g0xx_hal_i2c.o
    0x080020b4   0x0000002c   Code   RO         1941    i.I2C_TransferConfig  stm32g0xx_hal_i2c.o
    0x080020e0   0x00000072   Code   RO         1943    i.I2C_WaitOnFlagUntilTimeout  stm32g0xx_hal_i2c.o
    0x08002152   0x00000002   PAD
    0x08002154   0x0000009c   Code   RO         1944    i.I2C_WaitOnRXNEFlagUntilTimeout  stm32g0xx_hal_i2c.o
    0x080021f0   0x00000056   Code   RO         1945    i.I2C_WaitOnSTOPFlagUntilTimeout  stm32g0xx_hal_i2c.o
    0x08002246   0x0000005a   Code   RO         1946    i.I2C_WaitOnTXISFlagUntilTimeout  stm32g0xx_hal_i2c.o
    0x080022a0   0x00000008   Code   RO          462    i.LL_ADC_IsEnabled  stm32g0xx_hal_adc.o
    0x080022a8   0x00000008   Code   RO          463    i.LL_ADC_REG_IsConversionOngoing  stm32g0xx_hal_adc.o
    0x080022b0   0x00000010   Code   RO          464    i.LL_ADC_REG_IsTriggerSourceSWStart  stm32g0xx_hal_adc.o
    0x080022c0   0x0000000e   Code   RO          466    i.LL_ADC_SetCommonPathInternalCh  stm32g0xx_hal_adc.o
    0x080022ce   0x00000016   Code   RO          467    i.LL_ADC_SetSamplingTimeCommonChannels  stm32g0xx_hal_adc.o
    0x080022e4   0x00000074   Code   RO          225    i.MX_ADC1_Init      adc.o
    0x08002358   0x000000a8   Code   RO          180    i.MX_GPIO_Init      gpio.o
    0x08002400   0x00000058   Code   RO          268    i.MX_I2C1_Init      i2c.o
    0x08002458   0x00000038   Code   RO          313    i.MX_TIM14_Init     tim.o
    0x08002490   0x00000002   Code   RO          356    i.NMI_Handler       stm32g0xx_it.o
    0x08002492   0x00000002   Code   RO          357    i.PendSV_Handler    stm32g0xx_it.o
    0x08002494   0x00000094   Code   RO          269    i.SHT40SendRecvData  i2c.o
    0x08002528   0x00000056   Code   RO          181    i.SN74HC595SendData  gpio.o
    0x0800257e   0x00000002   Code   RO          358    i.SVC_Handler       stm32g0xx_it.o
    0x08002580   0x000000d4   Code   RO          182    i.ShowDigit         gpio.o
    0x08002654   0x00000008   Code   RO          359    i.SysTick_Handler   stm32g0xx_it.o
    0x0800265c   0x00000068   Code   RO           13    i.SystemClock_Config  main.o
    0x080026c4   0x00000002   Code   RO         3396    i.SystemInit        system_stm32g0xx.o
    0x080026c6   0x00000002   PAD
    0x080026c8   0x00000010   Code   RO          360    i.TIM14_IRQHandler  stm32g0xx_it.o
    0x080026d8   0x00000088   Code   RO         2479    i.TIM_Base_SetConfig  stm32g0xx_hal_tim.o
    0x08002760   0x00000008   Code   RO         3429    i.UnitTest          app.o
    0x08002768   0x00000198   Code   RO         3430    i.UserDemo          app.o
    0x08002900   0x00000044   Code   RO         1497    i.__NVIC_SetPriority  stm32g0xx_hal_cortex.o
    0x08002944   0x00000028   Code   RO           14    i.main              main.o
    0x0800296c   0x0000008c   Code   RO         3501    x$fpl$fadd          fz_ps.l(faddsub.o)
    0x080029f8   0x000000b0   Code   RO         3514    x$fpl$fmul          fz_ps.l(fmul.o)
    0x08002aa8   0x000000d0   Code   RO         3503    x$fpl$fsub          fz_ps.l(faddsub.o)
    0x08002b78   0x00000000   Code   RO         3523    x$fpl$usenofp       fz_ps.l(usenofp.o)
    0x08002b78   0x00000040   Data   RO         3397    .constdata          system_stm32g0xx.o
    0x08002bb8   0x00000040   Data   RO         3508    .constdata          fz_ps.l(fdiv.o)
    0x08002bf8   0x00000020   Data   RO         3683    Region$$Table       anon$$obj.o


    Execution Region RW_IRAM1 (Base: 0x20000000, Size: 0x00000790, Max: 0x00002000, ABSOLUTE)

    Base Addr    Size         Type   Attr      Idx    E Section Name        Object

    0x20000000   0x0000000a   Data   RW          183    .data               gpio.o
    0x2000000a   0x00000002   PAD
    0x2000000c   0x0000000c   Data   RW         1633    .data               stm32g0xx_hal.o
    0x20000018   0x00000004   Data   RW         3399    .data               system_stm32g0xx.o
    0x2000001c   0x00000064   Zero   RW          226    .bss                adc.o
    0x20000080   0x00000054   Zero   RW          270    .bss                i2c.o
    0x200000d4   0x0000004c   Zero   RW          314    .bss                tim.o
    0x20000120   0x0000000a   Zero   RW         3436    .bss                app.o
    0x2000012a   0x00000002   PAD
    0x2000012c   0x00000060   Zero   RW         3557    .bss                c_p.l(libspace.o)
    0x2000018c   0x00000004   PAD
    0x20000190   0x00000200   Zero   RW            2    HEAP                startup_stm32g030xx.o
    0x20000390   0x00000400   Zero   RW            1    STACK               startup_stm32g030xx.o


==============================================================================

Image component sizes


      Code (inc. data)   RO Data    RW Data    ZI Data      Debug   Object Name

       272         40          0          0        100       2115   adc.o
       416         16          0          0         10       1878   app.o
       560         42          0         10          0       3288   gpio.o
       364         50          0          0         84       2257   i2c.o
       148          4          0          0          0     396332   main.o
        56         26        192          0       1536        632   startup_stm32g030xx.o
       208         34          0         12          0      16892   stm32g0xx_hal.o
      1916         94          0          0          0      42861   stm32g0xx_hal_adc.o
       148         24          0          0          0      11925   stm32g0xx_hal_cortex.o
       412         22          0          0          0       3466   stm32g0xx_hal_gpio.o
      1560         38          0          0          0       9794   stm32g0xx_hal_i2c.o
       146          0          0          0          0       1779   stm32g0xx_hal_i2c_ex.o
        44          6          0          0          0        822   stm32g0xx_hal_msp.o
        68          8          0          0          0        625   stm32g0xx_hal_pwr.o
       156         32          0          0          0       1879   stm32g0xx_hal_pwr_ex.o
      1468         74          0          0          0       4478   stm32g0xx_hal_rcc.o
       332         12          0          0          0       1492   stm32g0xx_hal_rcc_ex.o
       680         50          0          0          0       6812   stm32g0xx_hal_tim.o
         6          0          0          0          0       2116   stm32g0xx_hal_tim_ex.o
        42          6          0          0          0       3016   stm32g0xx_it.o
         2          0         64          4          0       1099   system_stm32g0xx.o
       140         36          0          0         76       1956   tim.o

    ----------------------------------------------------------------------
      9168        614        288         28       1808     517514   Object Totals
         0          0         32          0          0          0   (incl. Generated)
        24          0          0          2          2          0   (incl. Padding)

    ----------------------------------------------------------------------

      Code (inc. data)   RO Data    RW Data    ZI Data      Debug   Library Member Name

         8          0          0          0          0         68   __main.o
         0          0          0          0          0          0   __rtentry.o
        12          0          0          0          0          0   __rtentry2.o
         6          0          0          0          0          0   __rtentry4.o
        60          8          0          0          0          0   __scatter.o
        26          0          0          0          0          0   __scatter_copy.o
        28          0          0          0          0          0   __scatter_zi.o
       346          0          0          0          0         92   aeabi_sdiv.o
        12          0          0          0          0         64   exit.o
         6          0          0          0          0        136   heapauxi.o
         0          0          0          0          0          0   indicate_semi.o
         2          0          0          0          0          0   libinit.o
         2          0          0          0          0          0   libinit2.o
         2          0          0          0          0          0   libshutdown.o
         2          0          0          0          0          0   libshutdown2.o
         8          4          0          0         96         68   libspace.o
        64          0          0          0          0        108   rt_memclr.o
         2          0          0          0          0          0   rtexit.o
        10          0          0          0          0          0   rtexit2.o
        12          4          0          0          0         60   sys_exit.o
        62          0          0          0          0         80   sys_stackheap_outer.o
         2          0          0          0          0         68   use_no_semi.o
       348          8          0          0          0        160   faddsub.o
       352         10         64          0          0         92   fdiv.o
        48          0          0          0          0         60   ffixui.o
        94          0          0          0          0         92   fflti.o
       176          4          0          0          0         80   fmul.o
        68          4          0          0          0         68   fscalbn.o
         0          0          0          0          0          0   usenofp.o

    ----------------------------------------------------------------------
      1768         42         64          0        100       1296   Library Totals
        10          0          0          0          4          0   (incl. Padding)

    ----------------------------------------------------------------------

      Code (inc. data)   RO Data    RW Data    ZI Data      Debug   Library Name

       672         16          0          0         96        744   c_p.l
      1086         26         64          0          0        552   fz_ps.l

    ----------------------------------------------------------------------
      1768         42         64          0        100       1296   Library Totals

    ----------------------------------------------------------------------

==============================================================================


      Code (inc. data)   RO Data    RW Data    ZI Data      Debug   

     10936        656        352         28       1908     514498   Grand Totals
     10936        656        352         28       1908     514498   ELF Image Totals
     10936        656        352         28          0          0   ROM Totals

==============================================================================

    Total RO  Size (Code + RO Data)                11288 (  11.02kB)
    Total RW  Size (RW Data + ZI Data)              1936 (   1.89kB)
    Total ROM Size (Code + RO Data + RW Data)      11316 (  11.05kB)

==============================================================================

